Archive member included to satisfy reference by file (symbol)

c:/users/simple energy/stm32cubeide_1.6.0/stm32cubeide/plugins/com.st.stm32cube.ide.mcu.externaltools.gnu-tools-for-stm32.9-2020-q2-update.win32_1.5.0.202011040924/tools/bin/../lib/gcc/arm-none-eabi/9.3.1/../../../../arm-none-eabi/lib/thumb/v7e-m+fp/hard\libc_nano.a(lib_a-errno.o)
                              Core/Src/syscalls.o (__errno)
c:/users/simple energy/stm32cubeide_1.6.0/stm32cubeide/plugins/com.st.stm32cube.ide.mcu.externaltools.gnu-tools-for-stm32.9-2020-q2-update.win32_1.5.0.202011040924/tools/bin/../lib/gcc/arm-none-eabi/9.3.1/../../../../arm-none-eabi/lib/thumb/v7e-m+fp/hard\libc_nano.a(lib_a-exit.o)
                              c:/users/simple energy/stm32cubeide_1.6.0/stm32cubeide/plugins/com.st.stm32cube.ide.mcu.externaltools.gnu-tools-for-stm32.9-2020-q2-update.win32_1.5.0.202011040924/tools/bin/../lib/gcc/arm-none-eabi/9.3.1/../../../../arm-none-eabi/lib/thumb/v7e-m+fp/hard/crt0.o (exit)
c:/users/simple energy/stm32cubeide_1.6.0/stm32cubeide/plugins/com.st.stm32cube.ide.mcu.externaltools.gnu-tools-for-stm32.9-2020-q2-update.win32_1.5.0.202011040924/tools/bin/../lib/gcc/arm-none-eabi/9.3.1/../../../../arm-none-eabi/lib/thumb/v7e-m+fp/hard\libc_nano.a(lib_a-impure.o)
                              c:/users/simple energy/stm32cubeide_1.6.0/stm32cubeide/plugins/com.st.stm32cube.ide.mcu.externaltools.gnu-tools-for-stm32.9-2020-q2-update.win32_1.5.0.202011040924/tools/bin/../lib/gcc/arm-none-eabi/9.3.1/../../../../arm-none-eabi/lib/thumb/v7e-m+fp/hard\libc_nano.a(lib_a-exit.o) (_global_impure_ptr)
c:/users/simple energy/stm32cubeide_1.6.0/stm32cubeide/plugins/com.st.stm32cube.ide.mcu.externaltools.gnu-tools-for-stm32.9-2020-q2-update.win32_1.5.0.202011040924/tools/bin/../lib/gcc/arm-none-eabi/9.3.1/../../../../arm-none-eabi/lib/thumb/v7e-m+fp/hard\libc_nano.a(lib_a-init.o)
                              c:/users/simple energy/stm32cubeide_1.6.0/stm32cubeide/plugins/com.st.stm32cube.ide.mcu.externaltools.gnu-tools-for-stm32.9-2020-q2-update.win32_1.5.0.202011040924/tools/bin/../lib/gcc/arm-none-eabi/9.3.1/../../../../arm-none-eabi/lib/thumb/v7e-m+fp/hard/crt0.o (__libc_init_array)
c:/users/simple energy/stm32cubeide_1.6.0/stm32cubeide/plugins/com.st.stm32cube.ide.mcu.externaltools.gnu-tools-for-stm32.9-2020-q2-update.win32_1.5.0.202011040924/tools/bin/../lib/gcc/arm-none-eabi/9.3.1/../../../../arm-none-eabi/lib/thumb/v7e-m+fp/hard\libc_nano.a(lib_a-malloc.o)
                              Core/Src/J1939.o (malloc)
c:/users/simple energy/stm32cubeide_1.6.0/stm32cubeide/plugins/com.st.stm32cube.ide.mcu.externaltools.gnu-tools-for-stm32.9-2020-q2-update.win32_1.5.0.202011040924/tools/bin/../lib/gcc/arm-none-eabi/9.3.1/../../../../arm-none-eabi/lib/thumb/v7e-m+fp/hard\libc_nano.a(lib_a-memset.o)
                              c:/users/simple energy/stm32cubeide_1.6.0/stm32cubeide/plugins/com.st.stm32cube.ide.mcu.externaltools.gnu-tools-for-stm32.9-2020-q2-update.win32_1.5.0.202011040924/tools/bin/../lib/gcc/arm-none-eabi/9.3.1/../../../../arm-none-eabi/lib/thumb/v7e-m+fp/hard/crt0.o (memset)
c:/users/simple energy/stm32cubeide_1.6.0/stm32cubeide/plugins/com.st.stm32cube.ide.mcu.externaltools.gnu-tools-for-stm32.9-2020-q2-update.win32_1.5.0.202011040924/tools/bin/../lib/gcc/arm-none-eabi/9.3.1/../../../../arm-none-eabi/lib/thumb/v7e-m+fp/hard\libc_nano.a(lib_a-nano-freer.o)
                              c:/users/simple energy/stm32cubeide_1.6.0/stm32cubeide/plugins/com.st.stm32cube.ide.mcu.externaltools.gnu-tools-for-stm32.9-2020-q2-update.win32_1.5.0.202011040924/tools/bin/../lib/gcc/arm-none-eabi/9.3.1/../../../../arm-none-eabi/lib/thumb/v7e-m+fp/hard\libc_nano.a(lib_a-malloc.o) (_free_r)
c:/users/simple energy/stm32cubeide_1.6.0/stm32cubeide/plugins/com.st.stm32cube.ide.mcu.externaltools.gnu-tools-for-stm32.9-2020-q2-update.win32_1.5.0.202011040924/tools/bin/../lib/gcc/arm-none-eabi/9.3.1/../../../../arm-none-eabi/lib/thumb/v7e-m+fp/hard\libc_nano.a(lib_a-nano-mallocr.o)
                              c:/users/simple energy/stm32cubeide_1.6.0/stm32cubeide/plugins/com.st.stm32cube.ide.mcu.externaltools.gnu-tools-for-stm32.9-2020-q2-update.win32_1.5.0.202011040924/tools/bin/../lib/gcc/arm-none-eabi/9.3.1/../../../../arm-none-eabi/lib/thumb/v7e-m+fp/hard\libc_nano.a(lib_a-malloc.o) (_malloc_r)
c:/users/simple energy/stm32cubeide_1.6.0/stm32cubeide/plugins/com.st.stm32cube.ide.mcu.externaltools.gnu-tools-for-stm32.9-2020-q2-update.win32_1.5.0.202011040924/tools/bin/../lib/gcc/arm-none-eabi/9.3.1/../../../../arm-none-eabi/lib/thumb/v7e-m+fp/hard\libc_nano.a(lib_a-sbrkr.o)
                              c:/users/simple energy/stm32cubeide_1.6.0/stm32cubeide/plugins/com.st.stm32cube.ide.mcu.externaltools.gnu-tools-for-stm32.9-2020-q2-update.win32_1.5.0.202011040924/tools/bin/../lib/gcc/arm-none-eabi/9.3.1/../../../../arm-none-eabi/lib/thumb/v7e-m+fp/hard\libc_nano.a(lib_a-nano-mallocr.o) (_sbrk_r)
[...]
Memory Configuration

Name             Origin             Length             Attributes
RAM              0x0000000020000000 0x0000000000028000 xrw
FLASH            0x0000000008000000 0x0000000000080000 xr
*default*        0x0000000000000000 0xffffffffffffffff

Linker script and memory map

LOAD c:/users/simple energy/stm32cubeide_1.6.0/stm32cubeide/plugins/com.st.stm32cube.ide.mcu.externaltools.gnu-tools-for-stm32.9-2020-q2-update.win32_1.5.0.202011040924/tools/bin/../lib/gcc/arm-none-eabi/9.3.1/thumb/v7e-m+fp/hard/crti.o
LOAD c:/users/simple energy/stm32cubeide_1.6.0/stm32cubeide/plugins/com.st.stm32cube.ide.mcu.externaltools.gnu-tools-for-stm32.9-2020-q2-update.win32_1.5.0.202011040924/tools/bin/../lib/gcc/arm-none-eabi/9.3.1/thumb/v7e-m+fp/hard/crtbegin.o
LOAD c:/users/simple energy/stm32cubeide_1.6.0/stm32cubeide/plugins/com.st.stm32cube.ide.mcu.externaltools.gnu-tools-for-stm32.9-2020-q2-update.win32_1.5.0.202011040924/tools/bin/../lib/gcc/arm-none-eabi/9.3.1/../../../../arm-none-eabi/lib/thumb/v7e-m+fp/hard/crt0.o
LOAD Core/Src/J1939.o
LOAD Core/Src/J1939_Config.o
LOAD Core/Src/fun.o
LOAD Core/Src/main.o
LOAD Core/Src/stm32l4xx_hal_msp.o
LOAD Core/Src/stm32l4xx_it.o
LOAD Core/Src/switch.o
LOAD Core/Src/syscalls.o
LOAD Core/Src/sysmem.o
LOAD Core/Src/system_stm32l4xx.o
LOAD Core/Startup/startup_stm32l452retx.o
LOAD Drivers/STM32L4xx_HAL_Driver/Src/stm32l4xx_hal.o
LOAD Drivers/STM32L4xx_HAL_Driver/Src/stm32l4xx_hal_can.o
LOAD Drivers/STM32L4xx_HAL_Driver/Src/stm32l4xx_hal_cortex.o
LOAD Drivers/STM32L4xx_HAL_Driver/Src/stm32l4xx_hal_dma.o
LOAD Drivers/STM32L4xx_HAL_Driver/Src/stm32l4xx_hal_dma_ex.o
LOAD Drivers/STM32L4xx_HAL_Driver/Src/stm32l4xx_hal_exti.o
LOAD Drivers/STM32L4xx_HAL_Driver/Src/stm32l4xx_hal_flash.o
LOAD Drivers/STM32L4xx_HAL_Driver/Src/stm32l4xx_hal_flash_ex.o
LOAD Drivers/STM32L4xx_HAL_Driver/Src/stm32l4xx_hal_flash_ramfunc.o
LOAD Drivers/STM32L4xx_HAL_Driver/Src/stm32l4xx_hal_gpio.o
LOAD Drivers/STM32L4xx_HAL_Driver/Src/stm32l4xx_hal_i2c.o
LOAD Drivers/STM32L4xx_HAL_Driver/Src/stm32l4xx_hal_i2c_ex.o
LOAD Drivers/STM32L4xx_HAL_Driver/Src/stm32l4xx_hal_pwr.o
LOAD Drivers/STM32L4xx_HAL_Driver/Src/stm32l4xx_hal_pwr_ex.o
LOAD Drivers/STM32L4xx_HAL_Driver/Src/stm32l4xx_hal_rcc.o
LOAD Drivers/STM32L4xx_HAL_Driver/Src/stm32l4xx_hal_rcc_ex.o
LOAD Drivers/STM32L4xx_HAL_Driver/Src/stm32l4xx_hal_tim.o
LOAD Drivers/STM32L4xx_HAL_Driver/Src/stm32l4xx_hal_tim_ex.o
START GROUP
LOAD c:/users/simple energy/stm32cubeide_1.6.0/stm32cubeide/plugins/com.st.stm32cube.ide.mcu.externaltools.gnu-tools-for-stm32.9-2020-q2-update.win32_1.5.0.202011040924/tools/bin/../lib/gcc/arm-none-eabi/9.3.1/../../../../arm-none-eabi/lib/thumb/v7e-m+fp/hard\libc_nano.a
LOAD c:/users/simple energy/stm32cubeide_1.6.0/stm32cubeide/plugins/com.st.stm32cube.ide.mcu.externaltools.gnu-tools-for-stm32.9-2020-q2-update.win32_1.5.0.202011040924/tools/bin/../lib/gcc/arm-none-eabi/9.3.1/../../../../arm-none-eabi/lib/thumb/v7e-m+fp/hard\libm.a
END GROUP
START GROUP
LOAD c:/users/simple energy/stm32cubeide_1.6.0/stm32cubeide/plugins/com.st.stm32cube.ide.mcu.externaltools.gnu-tools-for-stm32.9-2020-q2-update.win32_1.5.0.202011040924/tools/bin/../lib/gcc/arm-none-eabi/9.3.1/thumb/v7e-m+fp/hard\libgcc.a
LOAD c:/users/simple energy/stm32cubeide_1.6.0/stm32cubeide/plugins/com.st.stm32cube.ide.mcu.externaltools.gnu-tools-for-stm32.9-2020-q2-update.win32_1.5.0.202011040924/tools/bin/../lib/gcc/arm-none-eabi/9.3.1/../../../../arm-none-eabi/lib/thumb/v7e-m+fp/hard\libc_nano.a
END GROUP
START GROUP
LOAD c:/users/simple energy/stm32cubeide_1.6.0/stm32cubeide/plugins/com.st.stm32cube.ide.mcu.externaltools.gnu-tools-for-stm32.9-2020-q2-update.win32_1.5.0.202011040924/tools/bin/../lib/gcc/arm-none-eabi/9.3.1/thumb/v7e-m+fp/hard\libgcc.a
LOAD c:/users/simple energy/stm32cubeide_1.6.0/stm32cubeide/plugins/com.st.stm32cube.ide.mcu.externaltools.gnu-tools-for-stm32.9-2020-q2-update.win32_1.5.0.202011040924/tools/bin/../lib/gcc/arm-none-eabi/9.3.1/../../../../arm-none-eabi/lib/thumb/v7e-m+fp/hard\libc_nano.a
LOAD c:/users/simple energy/stm32cubeide_1.6.0/stm32cubeide/plugins/com.st.stm32cube.ide.mcu.externaltools.gnu-tools-for-stm32.9-2020-q2-update.win32_1.5.0.202011040924/tools/bin/../lib/gcc/arm-none-eabi/9.3.1/../../../../arm-none-eabi/lib/thumb/v7e-m+fp/hard\libnosys.a
END GROUP
START GROUP
LOAD c:/users/simple energy/stm32cubeide_1.6.0/stm32cubeide/plugins/com.st.stm32cube.ide.mcu.externaltools.gnu-tools-for-stm32.9-2020-q2-update.win32_1.5.0.202011040924/tools/bin/../lib/gcc/arm-none-eabi/9.3.1/thumb/v7e-m+fp/hard\libgcc.a
LOAD c:/users/simple energy/stm32cubeide_1.6.0/stm32cubeide/plugins/com.st.stm32cube.ide.mcu.externaltools.gnu-tools-for-stm32.9-2020-q2-update.win32_1.5.0.202011040924/tools/bin/../lib/gcc/arm-none-eabi/9.3.1/../../../../arm-none-eabi/lib/thumb/v7e-m+fp/hard\libc_nano.a
LOAD c:/users/simple energy/stm32cubeide_1.6.0/stm32cubeide/plugins/com.st.stm32cube.ide.mcu.externaltools.gnu-tools-for-stm32.9-2020-q2-update.win32_1.5.0.202011040924/tools/bin/../lib/gcc/arm-none-eabi/9.3.1/../../../../arm-none-eabi/lib/thumb/v7e-m+fp/hard\libnosys.a
END GROUP
LOAD c:/users/simple energy/stm32cubeide_1.6.0/stm32cubeide/plugins/com.st.stm32cube.ide.mcu.externaltools.gnu-tools-for-stm32.9-2020-q2-update.win32_1.5.0.202011040924/tools/bin/../lib/gcc/arm-none-eabi/9.3.1/thumb/v7e-m+fp/hard/crtend.o
LOAD c:/users/simple energy/stm32cubeide_1.6.0/stm32cubeide/plugins/com.st.stm32cube.ide.mcu.externaltools.gnu-tools-for-stm32.9-2020-q2-update.win32_1.5.0.202011040924/tools/bin/../lib/gcc/arm-none-eabi/9.3.1/thumb/v7e-m+fp/hard/crtn.o
                0x0000000020028000                _estack = (ORIGIN (RAM) + LENGTH (RAM))
                0x0000000000000200                _Min_Heap_Size = 0x200
                0x0000000000000400                _Min_Stack_Size = 0x400

.isr_vector     0x0000000008000000      0x194
                0x0000000008000000                . = ALIGN (0x4)
 *(.isr_vector)
 .isr_vector    0x0000000008000000      0x194 Core/Startup/startup_stm32l452retx.o
                0x0000000008000000                g_pfnVectors
                0x0000000008000194                . = ALIGN (0x4)

.text           0x0000000008000194     0x48c8
                0x0000000008000194                . = ALIGN (0x4)
 *(.text)
 .text          0x0000000008000194       0x40 c:/users/simple energy/stm32cubeide_1.6.0/stm32cubeide/plugins/com.st.stm32cube.ide.mcu.externaltools.gnu-tools-for-stm32.9-2020-q2-update.win32_1.5.0.202011040924/tools/bin/../lib/gcc/arm-none-eabi/9.3.1/thumb/v7e-m+fp/hard/crtbegin.o
 *(.text*)
 .text.SendOneMessage
                0x00000000080001d4       0x44 Core/Src/J1939.o
                0x00000000080001d4                SendOneMessage
 .text.J1939_EnqueueMessage
                0x0000000008000218       0x90 Core/Src/J1939.o
                0x0000000008000218                J1939_EnqueueMessage
 .text.J1939_Send_Message
                0x00000000080002a8       0x18 Core/Src/J1939.o
                0x00000000080002a8                J1939_Send_Message
 .text.J1939_Initialization
                0x00000000080002c0       0xdc Core/Src/J1939.o
                0x00000000080002c0                J1939_Initialization
 .text.J1939_Poll
                0x000000000800039c       0x14 Core/Src/J1939.o
                0x000000000800039c                J1939_Poll
 .text.J1939_Messages_Filter
                0x00000000080003b0       0x54 Core/Src/J1939.o
                0x00000000080003b0                J1939_Messages_Filter
 .text.J1939_ReceiveMessages
                0x0000000008000404      0x4d8 Core/Src/J1939.o
                0x0000000008000404                J1939_ReceiveMessages
 .text.J1939_TransmitMessages
                0x00000000080008dc       0x88 Core/Src/J1939.o
                0x00000000080008dc                J1939_TransmitMessages
 .text.J1939_TP_DT_Packet_send
                0x0000000008000964      0x158 Core/Src/J1939.o
                0x0000000008000964                J1939_TP_DT_Packet_send
 .text.J1939_CM_Start
                0x0000000008000abc       0x98 Core/Src/J1939.o
                0x0000000008000abc                J1939_CM_Start
 .text.J1939_TP_TX_Abort
                0x0000000008000b54       0x7c Core/Src/J1939.o
                0x0000000008000b54                J1939_TP_TX_Abort
 .text.J1939_TP_RX_Abort
                0x0000000008000bd0       0x7c Core/Src/J1939.o
                0x0000000008000bd0                J1939_TP_RX_Abort
 .text.J1939_TP_TX_RefreshCMTimer
                0x0000000008000c4c       0x60 Core/Src/J1939.o
                0x0000000008000c4c                J1939_TP_TX_RefreshCMTimer
 .text.J1939_TP_RX_RefreshCMTimer
                0x0000000008000cac       0x54 Core/Src/J1939.o
                0x0000000008000cac                J1939_TP_RX_RefreshCMTimer
 .text.J1939_read_DT_Packet
                0x0000000008000d00      0x174 Core/Src/J1939.o
                0x0000000008000d00                J1939_read_DT_Packet
 .text.J1939_TP_Poll
                0x0000000008000e74      0x150 Core/Src/J1939.o
                0x0000000008000e74                J1939_TP_Poll
 .text.J1939_TP_TX_Message
                0x0000000008000fc4       0xec Core/Src/J1939.o
                0x0000000008000fc4                J1939_TP_TX_Message
 .text.J1939_Response
                0x00000000080010b0      0x30c Core/Src/J1939.o
                0x00000000080010b0                J1939_Response
 .text.J1939_SetAddressFilter
                0x00000000080013bc        0xc Core/Src/J1939_Config.o
                0x00000000080013bc                J1939_SetAddressFilter
 .text.J1939_CAN_Transmit
                0x00000000080013c8       0xac Core/Src/J1939_Config.o
                0x00000000080013c8                J1939_CAN_Transmit
 .text.J1939_CAN_Receive
                0x0000000008001474      0x110 Core/Src/J1939_Config.o
                0x0000000008001474                J1939_CAN_Receive
 .text.can_fil_config
                0x0000000008001584       0x60 Core/Src/fun.o
                0x0000000008001584                can_fil_config
 .text.HAL_CAN_TxMailbox0CompleteCallback
                0x00000000080015e4       0x1e Core/Src/fun.o
                0x00000000080015e4                HAL_CAN_TxMailbox0CompleteCallback
 .text.HAL_CAN_TxMailbox1CompleteCallback
                0x0000000008001602       0x1e Core/Src/fun.o
                0x0000000008001602                HAL_CAN_TxMailbox1CompleteCallback
 .text.HAL_CAN_TxMailbox2CompleteCallback
                0x0000000008001620       0x1e Core/Src/fun.o
                0x0000000008001620                HAL_CAN_TxMailbox2CompleteCallback
 *fill*         0x000000000800163e        0x2 
 .text.HAL_CAN_RxFifo0MsgPendingCallback
                0x0000000008001640       0x38 Core/Src/fun.o
                0x0000000008001640                HAL_CAN_RxFifo0MsgPendingCallback
 .text.HAL_CAN_ErrorCallback
                0x0000000008001678       0x1e Core/Src/fun.o
                0x0000000008001678                HAL_CAN_ErrorCallback
 .text.sendMsg_KEYINFO
                0x0000000008001696       0x5c Core/Src/main.o
                0x0000000008001696                sendMsg_KEYINFO
 .text.sendMsg_BMSSTATUS
                0x00000000080016f2       0x5c Core/Src/main.o
                0x00000000080016f2                sendMsg_BMSSTATUS
 .text.sendMsg_MOTORCONTROLLERSTATUS
                0x000000000800174e       0x5c Core/Src/main.o
                0x000000000800174e                sendMsg_MOTORCONTROLLERSTATUS
 .text.sendMsg_VCUSTATUS
                0x00000000080017aa       0x5c Core/Src/main.o
                0x00000000080017aa                sendMsg_VCUSTATUS
 *fill*         0x0000000008001806        0x2 
 .text.main     0x0000000008001808       0xf4 Core/Src/main.o
                0x0000000008001808                main
 .text.SystemClock_Config
                0x00000000080018fc       0x9e Core/Src/main.o
                0x00000000080018fc                SystemClock_Config
 *fill*         0x000000000800199a        0x2 
 .text.MX_CAN1_Init
                0x000000000800199c       0x6c Core/Src/main.o
 .text.MX_TIM2_Init
                0x0000000008001a08       0x9c Core/Src/main.o
 .text.MX_GPIO_Init
                0x0000000008001aa4      0x184 Core/Src/main.o
 .text.HAL_TIM_PeriodElapsedCallback
                0x0000000008001c28       0x60 Core/Src/main.o
                0x0000000008001c28                HAL_TIM_PeriodElapsedCallback
 .text.Error_Handler
                0x0000000008001c88        0xa Core/Src/main.o
                0x0000000008001c88                Error_Handler
 *fill*         0x0000000008001c92        0x2 
 .text.HAL_MspInit
                0x0000000008001c94       0x48 Core/Src/stm32l4xx_hal_msp.o
                0x0000000008001c94                HAL_MspInit
 .text.HAL_CAN_MspInit
                0x0000000008001cdc       0xc8 Core/Src/stm32l4xx_hal_msp.o
                0x0000000008001cdc                HAL_CAN_MspInit
 .text.HAL_TIM_Base_MspInit
                0x0000000008001da4       0x48 Core/Src/stm32l4xx_hal_msp.o
                0x0000000008001da4                HAL_TIM_Base_MspInit
 .text.NMI_Handler
                0x0000000008001dec        0x6 Core/Src/stm32l4xx_it.o
                0x0000000008001dec                NMI_Handler
 .text.HardFault_Handler
                0x0000000008001df2        0x6 Core/Src/stm32l4xx_it.o
                0x0000000008001df2                HardFault_Handler
 .text.MemManage_Handler
                0x0000000008001df8        0x6 Core/Src/stm32l4xx_it.o
                0x0000000008001df8                MemManage_Handler
 .text.BusFault_Handler
                0x0000000008001dfe        0x6 Core/Src/stm32l4xx_it.o
                0x0000000008001dfe                BusFault_Handler
 .text.UsageFault_Handler
                0x0000000008001e04        0x6 Core/Src/stm32l4xx_it.o
                0x0000000008001e04                UsageFault_Handler
 .text.SVC_Handler
                0x0000000008001e0a        0xe Core/Src/stm32l4xx_it.o
                0x0000000008001e0a                SVC_Handler
 .text.DebugMon_Handler
                0x0000000008001e18        0xe Core/Src/stm32l4xx_it.o
                0x0000000008001e18                DebugMon_Handler
 .text.PendSV_Handler
                0x0000000008001e26        0xe Core/Src/stm32l4xx_it.o
                0x0000000008001e26                PendSV_Handler
 .text.SysTick_Handler
                0x0000000008001e34        0xc Core/Src/stm32l4xx_it.o
                0x0000000008001e34                SysTick_Handler
 .text.CAN1_TX_IRQHandler
                0x0000000008001e40       0x14 Core/Src/stm32l4xx_it.o
                0x0000000008001e40                CAN1_TX_IRQHandler
 .text.CAN1_RX0_IRQHandler
                0x0000000008001e54       0x14 Core/Src/stm32l4xx_it.o
                0x0000000008001e54                CAN1_RX0_IRQHandler
 .text.CAN1_RX1_IRQHandler
                0x0000000008001e68       0x14 Core/Src/stm32l4xx_it.o
                0x0000000008001e68                CAN1_RX1_IRQHandler
 .text.CAN1_SCE_IRQHandler
                0x0000000008001e7c       0x14 Core/Src/stm32l4xx_it.o
                0x0000000008001e7c                CAN1_SCE_IRQHandler
 .text.TIM2_IRQHandler
                0x0000000008001e90       0x14 Core/Src/stm32l4xx_it.o
                0x0000000008001e90                TIM2_IRQHandler
 .text.switches_call
                0x0000000008001ea4      0x190 Core/Src/switch.o
                0x0000000008001ea4                switches_call
 .text.SystemInit
                0x0000000008002034       0x64 Core/Src/system_stm32l4xx.o
                0x0000000008002034                SystemInit
 .text.Reset_Handler
                0x0000000008002098       0x50 Core/Startup/startup_stm32l452retx.o
                0x0000000008002098                Reset_Handler
 .text.Default_Handler
                0x00000000080020e8        0x2 Core/Startup/startup_stm32l452retx.o
                0x00000000080020e8                RTC_Alarm_IRQHandler
                0x00000000080020e8                EXTI2_IRQHandler
                0x00000000080020e8                TIM1_CC_IRQHandler
                0x00000000080020e8                TSC_IRQHandler
                0x00000000080020e8                TAMP_STAMP_IRQHandler
                0x00000000080020e8                EXTI3_IRQHandler
                0x00000000080020e8                LPTIM2_IRQHandler
                0x00000000080020e8                DFSDM1_FLT1_IRQHandler
                0x00000000080020e8                I2C3_ER_IRQHandler
                0x00000000080020e8                EXTI0_IRQHandler
                0x00000000080020e8                I2C2_EV_IRQHandler
                0x00000000080020e8                FPU_IRQHandler
                0x00000000080020e8                TIM1_UP_TIM16_IRQHandler
                0x00000000080020e8                SPI1_IRQHandler
                0x00000000080020e8                TIM6_DAC_IRQHandler
                0x00000000080020e8                DMA2_Channel2_IRQHandler
                0x00000000080020e8                DMA1_Channel4_IRQHandler
                0x00000000080020e8                ADC1_IRQHandler
                0x00000000080020e8                USART3_IRQHandler
                0x00000000080020e8                DMA1_Channel7_IRQHandler
                0x00000000080020e8                DMA2_Channel1_IRQHandler
                0x00000000080020e8                QUADSPI_IRQHandler
                0x00000000080020e8                I2C1_EV_IRQHandler
                0x00000000080020e8                DMA1_Channel6_IRQHandler
                0x00000000080020e8                UART4_IRQHandler
                0x00000000080020e8                DMA2_Channel4_IRQHandler
                0x00000000080020e8                TIM3_IRQHandler
                0x00000000080020e8                RCC_IRQHandler
                0x00000000080020e8                TIM1_TRG_COM_IRQHandler
                0x00000000080020e8                DMA1_Channel1_IRQHandler
                0x00000000080020e8                Default_Handler
                0x00000000080020e8                DMA2_Channel7_IRQHandler
                0x00000000080020e8                EXTI15_10_IRQHandler
                0x00000000080020e8                SDMMC1_IRQHandler
                0x00000000080020e8                I2C3_EV_IRQHandler
                0x00000000080020e8                USB_IRQHandler
                0x00000000080020e8                EXTI9_5_IRQHandler
                0x00000000080020e8                RTC_WKUP_IRQHandler
                0x00000000080020e8                PVD_PVM_IRQHandler
                0x00000000080020e8                SPI2_IRQHandler
                0x00000000080020e8                DMA2_Channel5_IRQHandler
                0x00000000080020e8                CRS_IRQHandler
                0x00000000080020e8                DMA1_Channel5_IRQHandler
                0x00000000080020e8                EXTI4_IRQHandler
                0x00000000080020e8                RNG_IRQHandler
                0x00000000080020e8                DMA1_Channel3_IRQHandler
                0x00000000080020e8                COMP_IRQHandler
                0x00000000080020e8                WWDG_IRQHandler
                0x00000000080020e8                I2C4_EV_IRQHandler
                0x00000000080020e8                LPUART1_IRQHandler
                0x00000000080020e8                DMA2_Channel6_IRQHandler
                0x00000000080020e8                EXTI1_IRQHandler
                0x00000000080020e8                USART2_IRQHandler
                0x00000000080020e8                DFSDM1_FLT0_IRQHandler
                0x00000000080020e8                I2C2_ER_IRQHandler
                0x00000000080020e8                DMA1_Channel2_IRQHandler
                0x00000000080020e8                FLASH_IRQHandler
                0x00000000080020e8                USART1_IRQHandler
                0x00000000080020e8                SPI3_IRQHandler
                0x00000000080020e8                I2C1_ER_IRQHandler
                0x00000000080020e8                LPTIM1_IRQHandler
                0x00000000080020e8                I2C4_ER_IRQHandler
                0x00000000080020e8                SAI1_IRQHandler
                0x00000000080020e8                DMA2_Channel3_IRQHandler
                0x00000000080020e8                TIM1_BRK_TIM15_IRQHandler
 .text.HAL_Init
                0x00000000080020ea       0x30 Drivers/STM32L4xx_HAL_Driver/Src/stm32l4xx_hal.o
                0x00000000080020ea                HAL_Init
 *fill*         0x000000000800211a        0x2 
 .text.HAL_InitTick
                0x000000000800211c       0x78 Drivers/STM32L4xx_HAL_Driver/Src/stm32l4xx_hal.o
                0x000000000800211c                HAL_InitTick
 .text.HAL_IncTick
                0x0000000008002194       0x28 Drivers/STM32L4xx_HAL_Driver/Src/stm32l4xx_hal.o
                0x0000000008002194                HAL_IncTick
 .text.HAL_GetTick
                0x00000000080021bc       0x18 Drivers/STM32L4xx_HAL_Driver/Src/stm32l4xx_hal.o
                0x00000000080021bc                HAL_GetTick
 .text.HAL_Delay
                0x00000000080021d4       0x48 Drivers/STM32L4xx_HAL_Driver/Src/stm32l4xx_hal.o
                0x00000000080021d4                HAL_Delay
 .text.HAL_CAN_Init
                0x000000000800221c      0x28c Drivers/STM32L4xx_HAL_Driver/Src/stm32l4xx_hal_can.o
                0x000000000800221c                HAL_CAN_Init
 .text.HAL_CAN_ConfigFilter
                0x00000000080024a8      0x194 Drivers/STM32L4xx_HAL_Driver/Src/stm32l4xx_hal_can.o
                0x00000000080024a8                HAL_CAN_ConfigFilter
 .text.HAL_CAN_Start
                0x000000000800263c       0x88 Drivers/STM32L4xx_HAL_Driver/Src/stm32l4xx_hal_can.o
                0x000000000800263c                HAL_CAN_Start
 .text.HAL_CAN_AddTxMessage
                0x00000000080026c4      0x1b6 Drivers/STM32L4xx_HAL_Driver/Src/stm32l4xx_hal_can.o
                0x00000000080026c4                HAL_CAN_AddTxMessage
 .text.HAL_CAN_GetRxMessage
                0x000000000800287a      0x224 Drivers/STM32L4xx_HAL_Driver/Src/stm32l4xx_hal_can.o
                0x000000000800287a                HAL_CAN_GetRxMessage
 .text.HAL_CAN_IRQHandler
                0x0000000008002a9e      0x38a Drivers/STM32L4xx_HAL_Driver/Src/stm32l4xx_hal_can.o
                0x0000000008002a9e                HAL_CAN_IRQHandler
 .text.HAL_CAN_TxMailbox0AbortCallback
                0x0000000008002e28       0x14 Drivers/STM32L4xx_HAL_Driver/Src/stm32l4xx_hal_can.o
                0x0000000008002e28                HAL_CAN_TxMailbox0AbortCallback
 .text.HAL_CAN_TxMailbox1AbortCallback
                0x0000000008002e3c       0x14 Drivers/STM32L4xx_HAL_Driver/Src/stm32l4xx_hal_can.o
                0x0000000008002e3c                HAL_CAN_TxMailbox1AbortCallback
 .text.HAL_CAN_TxMailbox2AbortCallback
                0x0000000008002e50       0x14 Drivers/STM32L4xx_HAL_Driver/Src/stm32l4xx_hal_can.o
                0x0000000008002e50                HAL_CAN_TxMailbox2AbortCallback
 .text.HAL_CAN_RxFifo0FullCallback
                0x0000000008002e64       0x14 Drivers/STM32L4xx_HAL_Driver/Src/stm32l4xx_hal_can.o
                0x0000000008002e64                HAL_CAN_RxFifo0FullCallback
 .text.HAL_CAN_RxFifo1MsgPendingCallback
                0x0000000008002e78       0x14 Drivers/STM32L4xx_HAL_Driver/Src/stm32l4xx_hal_can.o
                0x0000000008002e78                HAL_CAN_RxFifo1MsgPendingCallback
 .text.HAL_CAN_RxFifo1FullCallback
                0x0000000008002e8c       0x14 Drivers/STM32L4xx_HAL_Driver/Src/stm32l4xx_hal_can.o
                0x0000000008002e8c                HAL_CAN_RxFifo1FullCallback
 .text.HAL_CAN_SleepCallback
                0x0000000008002ea0       0x14 Drivers/STM32L4xx_HAL_Driver/Src/stm32l4xx_hal_can.o
                0x0000000008002ea0                HAL_CAN_SleepCallback
 .text.HAL_CAN_WakeUpFromRxMsgCallback
                0x0000000008002eb4       0x14 Drivers/STM32L4xx_HAL_Driver/Src/stm32l4xx_hal_can.o
                0x0000000008002eb4                HAL_CAN_WakeUpFromRxMsgCallback
 .text.__NVIC_SetPriorityGrouping
                0x0000000008002ec8       0x48 Drivers/STM32L4xx_HAL_Driver/Src/stm32l4xx_hal_cortex.o
 .text.__NVIC_GetPriorityGrouping
                0x0000000008002f10       0x1c Drivers/STM32L4xx_HAL_Driver/Src/stm32l4xx_hal_cortex.o
 .text.__NVIC_EnableIRQ
                0x0000000008002f2c       0x3c Drivers/STM32L4xx_HAL_Driver/Src/stm32l4xx_hal_cortex.o
 .text.__NVIC_SetPriority
                0x0000000008002f68       0x54 Drivers/STM32L4xx_HAL_Driver/Src/stm32l4xx_hal_cortex.o
 .text.NVIC_EncodePriority
                0x0000000008002fbc       0x66 Drivers/STM32L4xx_HAL_Driver/Src/stm32l4xx_hal_cortex.o
 *fill*         0x0000000008003022        0x2 
 .text.SysTick_Config
                0x0000000008003024       0x44 Drivers/STM32L4xx_HAL_Driver/Src/stm32l4xx_hal_cortex.o
 .text.HAL_NVIC_SetPriorityGrouping
                0x0000000008003068       0x16 Drivers/STM32L4xx_HAL_Driver/Src/stm32l4xx_hal_cortex.o
                0x0000000008003068                HAL_NVIC_SetPriorityGrouping
 .text.HAL_NVIC_SetPriority
                0x000000000800307e       0x38 Drivers/STM32L4xx_HAL_Driver/Src/stm32l4xx_hal_cortex.o
                0x000000000800307e                HAL_NVIC_SetPriority
 .text.HAL_NVIC_EnableIRQ
                0x00000000080030b6       0x1c Drivers/STM32L4xx_HAL_Driver/Src/stm32l4xx_hal_cortex.o
                0x00000000080030b6                HAL_NVIC_EnableIRQ
 .text.HAL_SYSTICK_Config
                0x00000000080030d2       0x18 Drivers/STM32L4xx_HAL_Driver/Src/stm32l4xx_hal_cortex.o
                0x00000000080030d2                HAL_SYSTICK_Config
 *fill*         0x00000000080030ea        0x2 
 .text.HAL_GPIO_Init
                0x00000000080030ec      0x2f4 Drivers/STM32L4xx_HAL_Driver/Src/stm32l4xx_hal_gpio.o
                0x00000000080030ec                HAL_GPIO_Init
 .text.HAL_GPIO_ReadPin
                0x00000000080033e0       0x30 Drivers/STM32L4xx_HAL_Driver/Src/stm32l4xx_hal_gpio.o
                0x00000000080033e0                HAL_GPIO_ReadPin
 .text.HAL_GPIO_WritePin
                0x0000000008003410       0x30 Drivers/STM32L4xx_HAL_Driver/Src/stm32l4xx_hal_gpio.o
                0x0000000008003410                HAL_GPIO_WritePin
 .text.HAL_PWREx_GetVoltageRange
                0x0000000008003440       0x1c Drivers/STM32L4xx_HAL_Driver/Src/stm32l4xx_hal_pwr_ex.o
                0x0000000008003440                HAL_PWREx_GetVoltageRange
 .text.HAL_PWREx_ControlVoltageScaling
                0x000000000800345c       0xac Drivers/STM32L4xx_HAL_Driver/Src/stm32l4xx_hal_pwr_ex.o
                0x000000000800345c                HAL_PWREx_ControlVoltageScaling
 .text.HAL_RCC_OscConfig
                0x0000000008003508      0x840 Drivers/STM32L4xx_HAL_Driver/Src/stm32l4xx_hal_rcc.o
                0x0000000008003508                HAL_RCC_OscConfig
 .text.HAL_RCC_ClockConfig
                0x0000000008003d48      0x1c4 Drivers/STM32L4xx_HAL_Driver/Src/stm32l4xx_hal_rcc.o
                0x0000000008003d48                HAL_RCC_ClockConfig
 .text.HAL_RCC_GetSysClockFreq
                0x0000000008003f0c      0x118 Drivers/STM32L4xx_HAL_Driver/Src/stm32l4xx_hal_rcc.o
                0x0000000008003f0c                HAL_RCC_GetSysClockFreq
 .text.RCC_SetFlashLatencyFromMSIRange
                0x0000000008004024       0xc0 Drivers/STM32L4xx_HAL_Driver/Src/stm32l4xx_hal_rcc.o
 .text.HAL_TIM_Base_Init
                0x00000000080040e4       0xae Drivers/STM32L4xx_HAL_Driver/Src/stm32l4xx_hal_tim.o
                0x00000000080040e4                HAL_TIM_Base_Init
 *fill*         0x0000000008004192        0x2 
 .text.HAL_TIM_Base_Start_IT
                0x0000000008004194       0xb8 Drivers/STM32L4xx_HAL_Driver/Src/stm32l4xx_hal_tim.o
                0x0000000008004194                HAL_TIM_Base_Start_IT
 .text.HAL_TIM_Base_Stop_IT
                0x000000000800424c       0x5e Drivers/STM32L4xx_HAL_Driver/Src/stm32l4xx_hal_tim.o
                0x000000000800424c                HAL_TIM_Base_Stop_IT
 .text.HAL_TIM_IRQHandler
                0x00000000080042aa      0x23e Drivers/STM32L4xx_HAL_Driver/Src/stm32l4xx_hal_tim.o
                0x00000000080042aa                HAL_TIM_IRQHandler
 .text.HAL_TIM_ConfigClockSource
                0x00000000080044e8      0x18c Drivers/STM32L4xx_HAL_Driver/Src/stm32l4xx_hal_tim.o
                0x00000000080044e8                HAL_TIM_ConfigClockSource
 .text.HAL_TIM_OC_DelayElapsedCallback
                0x0000000008004674       0x14 Drivers/STM32L4xx_HAL_Driver/Src/stm32l4xx_hal_tim.o
                0x0000000008004674                HAL_TIM_OC_DelayElapsedCallback
 .text.HAL_TIM_IC_CaptureCallback
                0x0000000008004688       0x14 Drivers/STM32L4xx_HAL_Driver/Src/stm32l4xx_hal_tim.o
                0x0000000008004688                HAL_TIM_IC_CaptureCallback
 .text.HAL_TIM_PWM_PulseFinishedCallback
                0x000000000800469c       0x14 Drivers/STM32L4xx_HAL_Driver/Src/stm32l4xx_hal_tim.o
                0x000000000800469c                HAL_TIM_PWM_PulseFinishedCallback
 .text.HAL_TIM_TriggerCallback
                0x00000000080046b0       0x14 Drivers/STM32L4xx_HAL_Driver/Src/stm32l4xx_hal_tim.o
                0x00000000080046b0                HAL_TIM_TriggerCallback
 .text.TIM_Base_SetConfig
                0x00000000080046c4       0xdc Drivers/STM32L4xx_HAL_Driver/Src/stm32l4xx_hal_tim.o
                0x00000000080046c4                TIM_Base_SetConfig
 .text.TIM_TI1_ConfigInputStage
                0x00000000080047a0       0x5e Drivers/STM32L4xx_HAL_Driver/Src/stm32l4xx_hal_tim.o
 .text.TIM_TI2_ConfigInputStage
                0x00000000080047fe       0x60 Drivers/STM32L4xx_HAL_Driver/Src/stm32l4xx_hal_tim.o
 .text.TIM_ITRx_SetConfig
                0x000000000800485e       0x36 Drivers/STM32L4xx_HAL_Driver/Src/stm32l4xx_hal_tim.o
 .text.TIM_ETR_SetConfig
                0x0000000008004894       0x40 Drivers/STM32L4xx_HAL_Driver/Src/stm32l4xx_hal_tim.o
                0x0000000008004894                TIM_ETR_SetConfig
 .text.HAL_TIMEx_MasterConfigSynchronization
                0x00000000080048d4       0xdc Drivers/STM32L4xx_HAL_Driver/Src/stm32l4xx_hal_tim_ex.o
                0x00000000080048d4                HAL_TIMEx_MasterConfigSynchronization
 .text.HAL_TIMEx_CommutCallback
                0x00000000080049b0       0x14 Drivers/STM32L4xx_HAL_Driver/Src/stm32l4xx_hal_tim_ex.o
                0x00000000080049b0                HAL_TIMEx_CommutCallback
 .text.HAL_TIMEx_BreakCallback
                0x00000000080049c4       0x14 Drivers/STM32L4xx_HAL_Driver/Src/stm32l4xx_hal_tim_ex.o
                0x00000000080049c4                HAL_TIMEx_BreakCallback
 .text.HAL_TIMEx_Break2Callback
                0x00000000080049d8       0x14 Drivers/STM32L4xx_HAL_Driver/Src/stm32l4xx_hal_tim_ex.o
                0x00000000080049d8                HAL_TIMEx_Break2Callback
 .text.__libc_init_array
                0x00000000080049ec       0x48 c:/users/simple energy/stm32cubeide_1.6.0/stm32cubeide/plugins/com.st.stm32cube.ide.mcu.externaltools.gnu-tools-for-stm32.9-2020-q2-update.win32_1.5.0.202011040924/tools/bin/../lib/gcc/arm-none-eabi/9.3.1/../../../../arm-none-eabi/lib/thumb/v7e-m+fp/hard\libc_nano.a(lib_a-init.o)
                0x00000000080049ec                __libc_init_array
 .text.memset   0x0000000008004a34       0x10 c:/users/simple energy/stm32cubeide_1.6.0/stm32cubeide/plugins/com.st.stm32cube.ide.mcu.externaltools.gnu-tools-for-stm32.9-2020-q2-update.win32_1.5.0.202011040924/tools/bin/../lib/gcc/arm-none-eabi/9.3.1/../../../../arm-none-eabi/lib/thumb/v7e-m+fp/hard\libc_nano.a(lib_a-memset.o)
                0x0000000008004a34                memset
 *(.glue_7)
 .glue_7        0x0000000008004a44        0x0 linker stubs
 *(.glue_7t)
 .glue_7t       0x0000000008004a44        0x0 linker stubs
 *(.eh_frame)
 .eh_frame      0x0000000008004a44        0x0 c:/users/simple energy/stm32cubeide_1.6.0/stm32cubeide/plugins/com.st.stm32cube.ide.mcu.externaltools.gnu-tools-for-stm32.9-2020-q2-update.win32_1.5.0.202011040924/tools/bin/../lib/gcc/arm-none-eabi/9.3.1/thumb/v7e-m+fp/hard/crtbegin.o
 *(.init)
 .init          0x0000000008004a44        0x4 c:/users/simple energy/stm32cubeide_1.6.0/stm32cubeide/plugins/com.st.stm32cube.ide.mcu.externaltools.gnu-tools-for-stm32.9-2020-q2-update.win32_1.5.0.202011040924/tools/bin/../lib/gcc/arm-none-eabi/9.3.1/thumb/v7e-m+fp/hard/crti.o
                0x0000000008004a44                _init
 .init          0x0000000008004a48        0x8 c:/users/simple energy/stm32cubeide_1.6.0/stm32cubeide/plugins/com.st.stm32cube.ide.mcu.externaltools.gnu-tools-for-stm32.9-2020-q2-update.win32_1.5.0.202011040924/tools/bin/../lib/gcc/arm-none-eabi/9.3.1/thumb/v7e-m+fp/hard/crtn.o
 *(.fini)
 .fini          0x0000000008004a50        0x4 c:/users/simple energy/stm32cubeide_1.6.0/stm32cubeide/plugins/com.st.stm32cube.ide.mcu.externaltools.gnu-tools-for-stm32.9-2020-q2-update.win32_1.5.0.202011040924/tools/bin/../lib/gcc/arm-none-eabi/9.3.1/thumb/v7e-m+fp/hard/crti.o
                0x0000000008004a50                _fini
 .fini          0x0000000008004a54        0x8 c:/users/simple energy/stm32cubeide_1.6.0/stm32cubeide/plugins/com.st.stm32cube.ide.mcu.externaltools.gnu-tools-for-stm32.9-2020-q2-update.win32_1.5.0.202011040924/tools/bin/../lib/gcc/arm-none-eabi/9.3.1/thumb/v7e-m+fp/hard/crtn.o
                0x0000000008004a5c                . = ALIGN (0x4)
                0x0000000008004a5c                _etext = .

.vfp11_veneer   0x0000000008004a5c        0x0
 .vfp11_veneer  0x0000000008004a5c        0x0 linker stubs

.v4_bx          0x0000000008004a5c        0x0
 .v4_bx         0x0000000008004a5c        0x0 linker stubs

.iplt           0x0000000008004a5c        0x0
 .iplt          0x0000000008004a5c        0x0 c:/users/simple energy/stm32cubeide_1.6.0/stm32cubeide/plugins/com.st.stm32cube.ide.mcu.externaltools.gnu-tools-for-stm32.9-2020-q2-update.win32_1.5.0.202011040924/tools/bin/../lib/gcc/arm-none-eabi/9.3.1/thumb/v7e-m+fp/hard/crtbegin.o

.rodata         0x0000000008004a5c       0x40
                0x0000000008004a5c                . = ALIGN (0x4)
 *(.rodata)
 *(.rodata*)
 .rodata.AHBPrescTable
                0x0000000008004a5c       0x10 Core/Src/system_stm32l4xx.o
                0x0000000008004a5c                AHBPrescTable
 .rodata.MSIRangeTable
                0x0000000008004a6c       0x30 Core/Src/system_stm32l4xx.o
                0x0000000008004a6c                MSIRangeTable
                0x0000000008004a9c                . = ALIGN (0x4)

.rel.dyn        0x0000000008004a9c        0x0
 .rel.iplt      0x0000000008004a9c        0x0 c:/users/simple energy/stm32cubeide_1.6.0/stm32cubeide/plugins/com.st.stm32cube.ide.mcu.externaltools.gnu-tools-for-stm32.9-2020-q2-update.win32_1.5.0.202011040924/tools/bin/../lib/gcc/arm-none-eabi/9.3.1/thumb/v7e-m+fp/hard/crtbegin.o

.ARM.extab      0x0000000008004a9c        0x0
                0x0000000008004a9c                . = ALIGN (0x4)
 *(.ARM.extab* .gnu.linkonce.armextab.*)
                0x0000000008004a9c                . = ALIGN (0x4)

.ARM            0x0000000008004a9c        0x0
                0x0000000008004a9c                . = ALIGN (0x4)
                0x0000000008004a9c                __exidx_start = .
 *(.ARM.exidx*)
                0x0000000008004a9c                __exidx_end = .
                0x0000000008004a9c                . = ALIGN (0x4)

.preinit_array  0x0000000008004a9c        0x0
                0x0000000008004a9c                . = ALIGN (0x4)
                0x0000000008004a9c                PROVIDE (__preinit_array_start = .)
 *(.preinit_array*)
                0x0000000008004a9c                PROVIDE (__preinit_array_end = .)
                0x0000000008004a9c                . = ALIGN (0x4)

.init_array     0x0000000008004a9c        0x4
                0x0000000008004a9c                . = ALIGN (0x4)
                0x0000000008004a9c                PROVIDE (__init_array_start = .)
 *(SORT_BY_NAME(.init_array.*))
 *(.init_array*)
 .init_array    0x0000000008004a9c        0x4 c:/users/simple energy/stm32cubeide_1.6.0/stm32cubeide/plugins/com.st.stm32cube.ide.mcu.externaltools.gnu-tools-for-stm32.9-2020-q2-update.win32_1.5.0.202011040924/tools/bin/../lib/gcc/arm-none-eabi/9.3.1/thumb/v7e-m+fp/hard/crtbegin.o
                0x0000000008004aa0                PROVIDE (__init_array_end = .)
                0x0000000008004aa0                . = ALIGN (0x4)

.fini_array     0x0000000008004aa0        0x4
                0x0000000008004aa0                . = ALIGN (0x4)
                [!provide]                        PROVIDE (__fini_array_start = .)
 *(SORT_BY_NAME(.fini_array.*))
 *(.fini_array*)
 .fini_array    0x0000000008004aa0        0x4 c:/users/simple energy/stm32cubeide_1.6.0/stm32cubeide/plugins/com.st.stm32cube.ide.mcu.externaltools.gnu-tools-for-stm32.9-2020-q2-update.win32_1.5.0.202011040924/tools/bin/../lib/gcc/arm-none-eabi/9.3.1/thumb/v7e-m+fp/hard/crtbegin.o
                [!provide]                        PROVIDE (__fini_array_end = .)
                0x0000000008004aa4                . = ALIGN (0x4)
                0x0000000008004aa4                _sidata = LOADADDR (.data)

.data           0x0000000020000000        0xc load address 0x0000000008004aa4
                0x0000000020000000                . = ALIGN (0x4)
                0x0000000020000000                _sdata = .
 *(.data)
 *(.data*)
 .data.SystemCoreClock
                0x0000000020000000        0x4 Core/Src/system_stm32l4xx.o
                0x0000000020000000                SystemCoreClock
 .data.uwTickPrio
                0x0000000020000004        0x4 Drivers/STM32L4xx_HAL_Driver/Src/stm32l4xx_hal.o
                0x0000000020000004                uwTickPrio
 .data.uwTickFreq
                0x0000000020000008        0x1 Drivers/STM32L4xx_HAL_Driver/Src/stm32l4xx_hal.o
                0x0000000020000008                uwTickFreq
 *(.RamFunc)
 *(.RamFunc*)
                0x000000002000000c                . = ALIGN (0x4)
 *fill*         0x0000000020000009        0x3 
                0x000000002000000c                _edata = .

.igot.plt       0x000000002000000c        0x0 load address 0x0000000008004ab0
 .igot.plt      0x000000002000000c        0x0 c:/users/simple energy/stm32cubeide_1.6.0/stm32cubeide/plugins/com.st.stm32cube.ide.mcu.externaltools.gnu-tools-for-stm32.9-2020-q2-update.win32_1.5.0.202011040924/tools/bin/../lib/gcc/arm-none-eabi/9.3.1/thumb/v7e-m+fp/hard/crtbegin.o
                0x000000002000000c                . = ALIGN (0x4)

.bss            0x0000000020000010      0x5f0 load address 0x0000000008004ab0
                0x0000000020000010                _sbss = .
                0x0000000020000010                __bss_start__ = _sbss
 *(.bss)
 .bss           0x0000000020000010       0x1c c:/users/simple energy/stm32cubeide_1.6.0/stm32cubeide/plugins/com.st.stm32cube.ide.mcu.externaltools.gnu-tools-for-stm32.9-2020-q2-update.win32_1.5.0.202011040924/tools/bin/../lib/gcc/arm-none-eabi/9.3.1/thumb/v7e-m+fp/hard/crtbegin.o
 *(.bss*)
 .bss.count     0x000000002000002c        0x1 Core/Src/main.o
                0x000000002000002c                count
 .bss.count1    0x000000002000002d        0x1 Core/Src/main.o
                0x000000002000002d                count1
 .bss.vehicle_state
                0x000000002000002e        0x1 Core/Src/main.o
                0x000000002000002e                vehicle_state
 *(COMMON)
 *fill*         0x000000002000002f        0x1 
 COMMON         0x0000000020000030      0x39d Core/Src/J1939.o
                0x0000000020000030                Key_Infovar
                0x0000000020000034                CA_Name
                0x000000002000003c                NodeAddress
                0x000000002000003d                J1939_TP_State_t
                0x000000002000003e                RXTail
                0x0000000020000040                Ride_Commandvar
                0x0000000020000044                TP_RX_MSG
                0x0000000020000144                RXHead
                0x0000000020000148                J1939_Flags
                0x0000000020000149                RXQueueCount
                0x000000002000014a                J1939_Address
                0x000000002000014c                OneMessage
                0x0000000020000160                Switch_Infovar
                0x0000000020000164                BMS_Statusvar
                0x0000000020000168                buffer
                0x0000000020000170                TTXQueueCount
                0x0000000020000174                RXQueue
                0x000000002000023c                TP_TX_MSG
                0x000000002000033c                TXTail
                0x0000000020000340                VCU_Statusvar
                0x0000000020000344                Motorcontroller_Statusvar
                0x000000002000034c                can_id
                0x0000000020000350                TXQueue
                0x00000000200003b4                REQUEST_LIST
                0x00000000200003c8                TXHead
                0x00000000200003cc                Motorcontroller_commandvar
 *fill*         0x00000000200003cd        0x3 
 COMMON         0x00000000200003d0      0x16c Core/Src/J1939_Config.o
                0x00000000200003d0                str7
                0x00000000200003d4                arr
                0x00000000200003dc                fp
                0x00000000200003ec                value6
                0x00000000200003f0                data1
                0x00000000200003f4                data2
                0x00000000200003f8                str4
                0x00000000200003fc                data4
                0x0000000020000400                rxhead
                0x000000002000041c                data8
                0x0000000020000420                val8
                0x0000000020000424                val4
                0x0000000020000428                str3
                0x000000002000042c                value8
                0x0000000020000430                val5
                0x0000000020000434                str8
                0x0000000020000438                value3
                0x000000002000043c                value5
                0x0000000020000440                str5
                0x0000000020000444                val2
                0x0000000020000448                val7
                0x000000002000044c                val3
                0x0000000020000450                str1
                0x0000000020000454                choice
                0x0000000020000458                data
                0x0000000020000460                value2
                0x0000000020000464                str6
                0x0000000020000468                result
                0x000000002000046c                data3
                0x0000000020000470                floval
                0x0000000020000474                value4
                0x0000000020000478                data7
                0x000000002000047c                hcan1
                0x00000000200004e0                val1
                0x00000000200004e4                data5
                0x00000000200004e8                str2
                0x00000000200004ec                fil
                0x0000000020000514                value7
                0x0000000020000518                txhead
                0x0000000020000530                data6
                0x0000000020000534                value1
                0x0000000020000538                val6
 COMMON         0x000000002000053c       0xc0 Core/Src/main.o
                0x000000002000053c                info
                0x0000000020000540                _info6
                0x0000000020000541                count7
                0x0000000020000542                _info3
                0x0000000020000543                count2
                0x0000000020000544                uart_buf_len
                0x0000000020000548                count11
                0x0000000020000549                count9
                0x000000002000054a                count6
                0x000000002000054b                count4
                0x000000002000054c                _info2
                0x0000000020000550                uart_buf
                0x0000000020000582                _info
                0x0000000020000584                Message
                0x0000000020000598                _info7
                0x0000000020000599                count8
                0x000000002000059a                count5
                0x000000002000059b                count3
                0x000000002000059c                response_data
                0x00000000200005a4                _info5
                0x00000000200005a6                timer_val
                0x00000000200005a8                _info4
                0x00000000200005a9                count10
                0x00000000200005ac                htim2
                0x00000000200005f8                _info1
                0x00000000200005fa                ran
 COMMON         0x00000000200005fc        0x4 Drivers/STM32L4xx_HAL_Driver/Src/stm32l4xx_hal.o
                0x00000000200005fc                uwTick
                0x0000000020000600                . = ALIGN (0x4)
                0x0000000020000600                _ebss = .
                0x0000000020000600                __bss_end__ = _ebss

._user_heap_stack
                0x0000000020000600      0x600 load address 0x0000000008004ab0
                0x0000000020000600                . = ALIGN (0x8)
                [!provide]                        PROVIDE (end = .)
                0x0000000020000600                PROVIDE (_end = .)
                0x0000000020000800                . = (. + _Min_Heap_Size)
 *fill*         0x0000000020000600      0x200 
                0x0000000020000c00                . = (. + _Min_Stack_Size)
 *fill*         0x0000000020000800      0x400 
                0x0000000020000c00                . = ALIGN (0x8)

/DISCARD/
 libc.a(*)
 libm.a(*)
 libgcc.a(*)

.ARM.attributes
                0x0000000000000000       0x30
 *(.ARM.attributes)
 .ARM.attributes
                0x0000000000000000       0x1e c:/users/simple energy/stm32cubeide_1.6.0/stm32cubeide/plugins/com.st.stm32cube.ide.mcu.externaltools.gnu-tools-for-stm32.9-2020-q2-update.win32_1.5.0.202011040924/tools/bin/../lib/gcc/arm-none-eabi/9.3.1/thumb/v7e-m+fp/hard/crti.o
 .ARM.attributes
                0x000000000000001e       0x34 c:/users/simple energy/stm32cubeide_1.6.0/stm32cubeide/plugins/com.st.stm32cube.ide.mcu.externaltools.gnu-tools-for-stm32.9-2020-q2-update.win32_1.5.0.202011040924/tools/bin/../lib/gcc/arm-none-eabi/9.3.1/thumb/v7e-m+fp/hard/crtbegin.o
 .ARM.attributes
                0x0000000000000052       0x34 Core/Src/J1939.o
 .ARM.attributes
                0x0000000000000086       0x34 Core/Src/J1939_Config.o
 .ARM.attributes
                0x00000000000000ba       0x34 Core/Src/fun.o
 .ARM.attributes
                0x00000000000000ee       0x34 Core/Src/main.o
 .ARM.attributes
                0x0000000000000122       0x34 Core/Src/stm32l4xx_hal_msp.o
 .ARM.attributes
                0x0000000000000156       0x34 Core/Src/stm32l4xx_it.o
 .ARM.attributes
                0x000000000000018a       0x34 Core/Src/switch.o
 .ARM.attributes
                0x00000000000001be       0x34 Core/Src/system_stm32l4xx.o
 .ARM.attributes
                0x00000000000001f2       0x21 Core/Startup/startup_stm32l452retx.o
 .ARM.attributes
                0x0000000000000213       0x34 Drivers/STM32L4xx_HAL_Driver/Src/stm32l4xx_hal.o
 .ARM.attributes
                0x0000000000000247       0x34 Drivers/STM32L4xx_HAL_Driver/Src/stm32l4xx_hal_can.o
 .ARM.attributes
                0x000000000000027b       0x34 Drivers/STM32L4xx_HAL_Driver/Src/stm32l4xx_hal_cortex.o
 .ARM.attributes
                0x00000000000002af       0x34 Drivers/STM32L4xx_HAL_Driver/Src/stm32l4xx_hal_gpio.o
 .ARM.attributes
                0x00000000000002e3       0x34 Drivers/STM32L4xx_HAL_Driver/Src/stm32l4xx_hal_pwr_ex.o
 .ARM.attributes
                0x0000000000000317       0x34 Drivers/STM32L4xx_HAL_Driver/Src/stm32l4xx_hal_rcc.o
 .ARM.attributes
                0x000000000000034b       0x34 Drivers/STM32L4xx_HAL_Driver/Src/stm32l4xx_hal_tim.o
 .ARM.attributes
                0x000000000000037f       0x34 Drivers/STM32L4xx_HAL_Driver/Src/stm32l4xx_hal_tim_ex.o
 .ARM.attributes
                0x00000000000003b3       0x34 c:/users/simple energy/stm32cubeide_1.6.0/stm32cubeide/plugins/com.st.stm32cube.ide.mcu.externaltools.gnu-tools-for-stm32.9-2020-q2-update.win32_1.5.0.202011040924/tools/bin/../lib/gcc/arm-none-eabi/9.3.1/../../../../arm-none-eabi/lib/thumb/v7e-m+fp/hard\libc_nano.a(lib_a-init.o)
 .ARM.attributes
                0x00000000000003e7       0x34 c:/users/simple energy/stm32cubeide_1.6.0/stm32cubeide/plugins/com.st.stm32cube.ide.mcu.externaltools.gnu-tools-for-stm32.9-2020-q2-update.win32_1.5.0.202011040924/tools/bin/../lib/gcc/arm-none-eabi/9.3.1/../../../../arm-none-eabi/lib/thumb/v7e-m+fp/hard\libc_nano.a(lib_a-memset.o)
 .ARM.attributes
                0x000000000000041b       0x1e c:/users/simple energy/stm32cubeide_1.6.0/stm32cubeide/plugins/com.st.stm32cube.ide.mcu.externaltools.gnu-tools-for-stm32.9-2020-q2-update.win32_1.5.0.202011040924/tools/bin/../lib/gcc/arm-none-eabi/9.3.1/thumb/v7e-m+fp/hard/crtn.o
OUTPUT(BCU-1.elf elf32-littlearm)
LOAD linker stubs
LOAD c:/users/simple energy/stm32cubeide_1.6.0/stm32cubeide/plugins/com.st.stm32cube.ide.mcu.externaltools.gnu-tools-for-stm32.9-2020-q2-update.win32_1.5.0.202011040924/tools/bin/../lib/gcc/arm-none-eabi/9.3.1/../../../../arm-none-eabi/lib/thumb/v7e-m+fp/hard\libc.a
LOAD c:/users/simple energy/stm32cubeide_1.6.0/stm32cubeide/plugins/com.st.stm32cube.ide.mcu.externaltools.gnu-tools-for-stm32.9-2020-q2-update.win32_1.5.0.202011040924/tools/bin/../lib/gcc/arm-none-eabi/9.3.1/../../../../arm-none-eabi/lib/thumb/v7e-m+fp/hard\libm.a
LOAD c:/users/simple energy/stm32cubeide_1.6.0/stm32cubeide/plugins/com.st.stm32cube.ide.mcu.externaltools.gnu-tools-for-stm32.9-2020-q2-update.win32_1.5.0.202011040924/tools/bin/../lib/gcc/arm-none-eabi/9.3.1/thumb/v7e-m+fp/hard\libgcc.a

.debug_info     0x0000000000000000    0x14388
 .debug_info    0x0000000000000000      0xe5c Core/Src/J1939.o
 .debug_info    0x0000000000000e5c     0x19d1 Core/Src/J1939_Config.o
 .debug_info    0x000000000000282d     0x1b50 Core/Src/fun.o
 .debug_info    0x000000000000437d     0x24b4 Core/Src/main.o
 .debug_info    0x0000000000006831     0x13f0 Core/Src/stm32l4xx_hal_msp.o
 .debug_info    0x0000000000007c21      0xe68 Core/Src/stm32l4xx_it.o
 .debug_info    0x0000000000008a89     0x1836 Core/Src/switch.o
 .debug_info    0x000000000000a2bf      0x795 Core/Src/system_stm32l4xx.o
 .debug_info    0x000000000000aa54       0x22 Core/Startup/startup_stm32l452retx.o
 .debug_info    0x000000000000aa76      0xc8d Drivers/STM32L4xx_HAL_Driver/Src/stm32l4xx_hal.o
 .debug_info    0x000000000000b703     0x1428 Drivers/STM32L4xx_HAL_Driver/Src/stm32l4xx_hal_can.o
 .debug_info    0x000000000000cb2b      0xfe6 Drivers/STM32L4xx_HAL_Driver/Src/stm32l4xx_hal_cortex.o
 .debug_info    0x000000000000db11      0xa6d Drivers/STM32L4xx_HAL_Driver/Src/stm32l4xx_hal_gpio.o
 .debug_info    0x000000000000e57e      0xb7b Drivers/STM32L4xx_HAL_Driver/Src/stm32l4xx_hal_pwr_ex.o
 .debug_info    0x000000000000f0f9      0xdc3 Drivers/STM32L4xx_HAL_Driver/Src/stm32l4xx_hal_rcc.o
 .debug_info    0x000000000000febc     0x2cb9 Drivers/STM32L4xx_HAL_Driver/Src/stm32l4xx_hal_tim.o
 .debug_info    0x0000000000012b75     0x1813 Drivers/STM32L4xx_HAL_Driver/Src/stm32l4xx_hal_tim_ex.o

.debug_abbrev   0x0000000000000000     0x28fb
 .debug_abbrev  0x0000000000000000      0x3b8 Core/Src/J1939.o
 .debug_abbrev  0x00000000000003b8      0x327 Core/Src/J1939_Config.o
 .debug_abbrev  0x00000000000006df      0x33a Core/Src/fun.o
 .debug_abbrev  0x0000000000000a19      0x3e6 Core/Src/main.o
 .debug_abbrev  0x0000000000000dff      0x1f9 Core/Src/stm32l4xx_hal_msp.o
 .debug_abbrev  0x0000000000000ff8      0x1d2 Core/Src/stm32l4xx_it.o
 .debug_abbrev  0x00000000000011ca      0x2c5 Core/Src/switch.o
 .debug_abbrev  0x000000000000148f      0x165 Core/Src/system_stm32l4xx.o
 .debug_abbrev  0x00000000000015f4       0x12 Core/Startup/startup_stm32l452retx.o
 .debug_abbrev  0x0000000000001606      0x227 Drivers/STM32L4xx_HAL_Driver/Src/stm32l4xx_hal.o
 .debug_abbrev  0x000000000000182d      0x27e Drivers/STM32L4xx_HAL_Driver/Src/stm32l4xx_hal_can.o
 .debug_abbrev  0x0000000000001aab      0x33c Drivers/STM32L4xx_HAL_Driver/Src/stm32l4xx_hal_cortex.o
 .debug_abbrev  0x0000000000001de7      0x1e8 Drivers/STM32L4xx_HAL_Driver/Src/stm32l4xx_hal_gpio.o
 .debug_abbrev  0x0000000000001fcf      0x1f3 Drivers/STM32L4xx_HAL_Driver/Src/stm32l4xx_hal_pwr_ex.o
 .debug_abbrev  0x00000000000021c2      0x275 Drivers/STM32L4xx_HAL_Driver/Src/stm32l4xx_hal_rcc.o
 .debug_abbrev  0x0000000000002437      0x25e Drivers/STM32L4xx_HAL_Driver/Src/stm32l4xx_hal_tim.o
 .debug_abbrev  0x0000000000002695      0x266 Drivers/STM32L4xx_HAL_Driver/Src/stm32l4xx_hal_tim_ex.o

.debug_aranges  0x0000000000000000      0xe38
 .debug_aranges
                0x0000000000000000       0xe0 Core/Src/J1939.o
 .debug_aranges
                0x00000000000000e0       0x30 Core/Src/J1939_Config.o
 .debug_aranges
                0x0000000000000110       0x88 Core/Src/fun.o
 .debug_aranges
                0x0000000000000198       0x70 Core/Src/main.o
 .debug_aranges
                0x0000000000000208       0x40 Core/Src/stm32l4xx_hal_msp.o
 .debug_aranges
                0x0000000000000248       0x88 Core/Src/stm32l4xx_it.o
 .debug_aranges
                0x00000000000002d0       0x20 Core/Src/switch.o
 .debug_aranges
                0x00000000000002f0       0x28 Core/Src/system_stm32l4xx.o
 .debug_aranges
                0x0000000000000318       0x28 Core/Startup/startup_stm32l452retx.o
 .debug_aranges
                0x0000000000000340      0x130 Drivers/STM32L4xx_HAL_Driver/Src/stm32l4xx_hal.o
 .debug_aranges
                0x0000000000000470      0x148 Drivers/STM32L4xx_HAL_Driver/Src/stm32l4xx_hal_can.o
 .debug_aranges
                0x00000000000005b8      0x118 Drivers/STM32L4xx_HAL_Driver/Src/stm32l4xx_hal_cortex.o
 .debug_aranges
                0x00000000000006d0       0x58 Drivers/STM32L4xx_HAL_Driver/Src/stm32l4xx_hal_gpio.o
 .debug_aranges
                0x0000000000000728      0x128 Drivers/STM32L4xx_HAL_Driver/Src/stm32l4xx_hal_pwr_ex.o
 .debug_aranges
                0x0000000000000850       0x88 Drivers/STM32L4xx_HAL_Driver/Src/stm32l4xx_hal_rcc.o
 .debug_aranges
                0x00000000000008d8      0x3e0 Drivers/STM32L4xx_HAL_Driver/Src/stm32l4xx_hal_tim.o
 .debug_aranges
                0x0000000000000cb8      0x180 Drivers/STM32L4xx_HAL_Driver/Src/stm32l4xx_hal_tim_ex.o

.debug_ranges   0x0000000000000000      0xd30
 .debug_ranges  0x0000000000000000       0xd0 Core/Src/J1939.o
 .debug_ranges  0x00000000000000d0       0x20 Core/Src/J1939_Config.o
 .debug_ranges  0x00000000000000f0       0x78 Core/Src/fun.o
 .debug_ranges  0x0000000000000168       0x60 Core/Src/main.o
 .debug_ranges  0x00000000000001c8       0x30 Core/Src/stm32l4xx_hal_msp.o
 .debug_ranges  0x00000000000001f8       0x78 Core/Src/stm32l4xx_it.o
 .debug_ranges  0x0000000000000270       0x10 Core/Src/switch.o
 .debug_ranges  0x0000000000000280       0x18 Core/Src/system_stm32l4xx.o
 .debug_ranges  0x0000000000000298       0x20 Core/Startup/startup_stm32l452retx.o
 .debug_ranges  0x00000000000002b8      0x120 Drivers/STM32L4xx_HAL_Driver/Src/stm32l4xx_hal.o
 .debug_ranges  0x00000000000003d8      0x138 Drivers/STM32L4xx_HAL_Driver/Src/stm32l4xx_hal_can.o
 .debug_ranges  0x0000000000000510      0x108 Drivers/STM32L4xx_HAL_Driver/Src/stm32l4xx_hal_cortex.o
 .debug_ranges  0x0000000000000618       0x48 Drivers/STM32L4xx_HAL_Driver/Src/stm32l4xx_hal_gpio.o
 .debug_ranges  0x0000000000000660      0x118 Drivers/STM32L4xx_HAL_Driver/Src/stm32l4xx_hal_pwr_ex.o
 .debug_ranges  0x0000000000000778       0x78 Drivers/STM32L4xx_HAL_Driver/Src/stm32l4xx_hal_rcc.o
 .debug_ranges  0x00000000000007f0      0x3d0 Drivers/STM32L4xx_HAL_Driver/Src/stm32l4xx_hal_tim.o
 .debug_ranges  0x0000000000000bc0      0x170 Drivers/STM32L4xx_HAL_Driver/Src/stm32l4xx_hal_tim_ex.o

.debug_macro    0x0000000000000000    0x23bd0
 .debug_macro   0x0000000000000000       0x96 Core/Src/J1939.o
 .debug_macro   0x0000000000000096      0xaa8 Core/Src/J1939.o
 .debug_macro   0x0000000000000b3e       0x16 Core/Src/J1939.o
 .debug_macro   0x0000000000000b54       0x22 Core/Src/J1939.o
 .debug_macro   0x0000000000000b76       0x8e Core/Src/J1939.o
 .debug_macro   0x0000000000000c04       0x51 Core/Src/J1939.o
 .debug_macro   0x0000000000000c55      0x103 Core/Src/J1939.o
 .debug_macro   0x0000000000000d58       0x6a Core/Src/J1939.o
 .debug_macro   0x0000000000000dc2      0x1df Core/Src/J1939.o
 .debug_macro   0x0000000000000fa1      0x164 Core/Src/J1939.o
 .debug_macro   0x0000000000001105       0x40 Core/Src/J1939.o
 .debug_macro   0x0000000000001145      0x3e1 Core/Src/J1939_Config.o
 .debug_macro   0x0000000000001526       0x40 Core/Src/J1939_Config.o
 .debug_macro   0x0000000000001566      0x1ad Core/Src/J1939_Config.o
 .debug_macro   0x0000000000001713       0x2e Core/Src/J1939_Config.o
 .debug_macro   0x0000000000001741       0x28 Core/Src/J1939_Config.o
 .debug_macro   0x0000000000001769       0x1c Core/Src/J1939_Config.o
 .debug_macro   0x0000000000001785       0x22 Core/Src/J1939_Config.o
 .debug_macro   0x00000000000017a7      0x101 Core/Src/J1939_Config.o
 .debug_macro   0x00000000000018a8     0x1011 Core/Src/J1939_Config.o
 .debug_macro   0x00000000000028b9      0x11f Core/Src/J1939_Config.o
 .debug_macro   0x00000000000029d8    0x1632f Core/Src/J1939_Config.o
 .debug_macro   0x0000000000018d07       0x43 Core/Src/J1939_Config.o
 .debug_macro   0x0000000000018d4a     0x3897 Core/Src/J1939_Config.o
 .debug_macro   0x000000000001c5e1      0x174 Core/Src/J1939_Config.o
 .debug_macro   0x000000000001c755       0x5c Core/Src/J1939_Config.o
 .debug_macro   0x000000000001c7b1     0x13bb Core/Src/J1939_Config.o
 .debug_macro   0x000000000001db6c      0x63f Core/Src/J1939_Config.o
 .debug_macro   0x000000000001e1ab      0x13d Core/Src/J1939_Config.o
 .debug_macro   0x000000000001e2e8      0x168 Core/Src/J1939_Config.o
 .debug_macro   0x000000000001e450      0x26b Core/Src/J1939_Config.o
 .debug_macro   0x000000000001e6bb      0x23d Core/Src/J1939_Config.o
 .debug_macro   0x000000000001e8f8      0x40f Core/Src/J1939_Config.o
 .debug_macro   0x000000000001ed07      0x241 Core/Src/J1939_Config.o
 .debug_macro   0x000000000001ef48      0x375 Core/Src/J1939_Config.o
 .debug_macro   0x000000000001f2bd       0xd6 Core/Src/J1939_Config.o
 .debug_macro   0x000000000001f393      0x22c Core/Src/J1939_Config.o
 .debug_macro   0x000000000001f5bf       0x61 Core/Src/J1939_Config.o
 .debug_macro   0x000000000001f620       0xa5 Core/Src/J1939_Config.o
 .debug_macro   0x000000000001f6c5      0x122 Core/Src/J1939_Config.o
 .debug_macro   0x000000000001f7e7      0x365 Core/Src/J1939_Config.o
 .debug_macro   0x000000000001fb4c      0xa75 Core/Src/J1939_Config.o
 .debug_macro   0x00000000000205c1      0x151 Core/Src/J1939_Config.o
 .debug_macro   0x0000000000020712      0x2ec Core/Src/J1939_Config.o
 .debug_macro   0x00000000000209fe       0x10 Core/Src/J1939_Config.o
 .debug_macro   0x0000000000020a0e       0x52 Core/Src/J1939_Config.o
 .debug_macro   0x0000000000020a60       0x18 Core/Src/J1939_Config.o
 .debug_macro   0x0000000000020a78       0x3c Core/Src/J1939_Config.o
 .debug_macro   0x0000000000020ab4       0x34 Core/Src/J1939_Config.o
 .debug_macro   0x0000000000020ae8       0x16 Core/Src/J1939_Config.o
 .debug_macro   0x0000000000020afe       0x35 Core/Src/J1939_Config.o
 .debug_macro   0x0000000000020b33      0x333 Core/Src/J1939_Config.o
 .debug_macro   0x0000000000020e66       0x10 Core/Src/J1939_Config.o
 .debug_macro   0x0000000000020e76       0x16 Core/Src/J1939_Config.o
 .debug_macro   0x0000000000020e8c       0x43 Core/Src/J1939_Config.o
 .debug_macro   0x0000000000020ecf       0x34 Core/Src/J1939_Config.o
 .debug_macro   0x0000000000020f03       0x10 Core/Src/J1939_Config.o
 .debug_macro   0x0000000000020f13       0x58 Core/Src/J1939_Config.o
 .debug_macro   0x0000000000020f6b       0x71 Core/Src/J1939_Config.o
 .debug_macro   0x0000000000020fdc       0x1c Core/Src/J1939_Config.o
 .debug_macro   0x0000000000020ff8      0x12a Core/Src/J1939_Config.o
 .debug_macro   0x0000000000021122       0x10 Core/Src/J1939_Config.o
 .debug_macro   0x0000000000021132       0x1c Core/Src/J1939_Config.o
 .debug_macro   0x000000000002114e       0x52 Core/Src/J1939_Config.o
 .debug_macro   0x00000000000211a0       0x22 Core/Src/J1939_Config.o
 .debug_macro   0x00000000000211c2       0x10 Core/Src/J1939_Config.o
 .debug_macro   0x00000000000211d2       0x40 Core/Src/J1939_Config.o
 .debug_macro   0x0000000000021212       0xd5 Core/Src/J1939_Config.o
 .debug_macro   0x00000000000212e7       0x1c Core/Src/J1939_Config.o
 .debug_macro   0x0000000000021303       0x3d Core/Src/J1939_Config.o
 .debug_macro   0x0000000000021340       0x16 Core/Src/J1939_Config.o
 .debug_macro   0x0000000000021356      0x145 Core/Src/J1939_Config.o
 .debug_macro   0x000000000002149b       0x16 Core/Src/J1939_Config.o
 .debug_macro   0x00000000000214b1       0x20 Core/Src/J1939_Config.o
 .debug_macro   0x00000000000214d1       0x16 Core/Src/J1939_Config.o
 .debug_macro   0x00000000000214e7       0x16 Core/Src/J1939_Config.o
 .debug_macro   0x00000000000214fd       0x29 Core/Src/J1939_Config.o
 .debug_macro   0x0000000000021526      0x1a9 Core/Src/J1939_Config.o
 .debug_macro   0x00000000000216cf      0x3e0 Core/Src/fun.o
 .debug_macro   0x0000000000021aaf      0x176 Core/Src/fun.o
 .debug_macro   0x0000000000021c25      0x304 Core/Src/main.o
 .debug_macro   0x0000000000021f29      0x1de Core/Src/stm32l4xx_hal_msp.o
 .debug_macro   0x0000000000022107      0x1e8 Core/Src/stm32l4xx_it.o
 .debug_macro   0x00000000000222ef      0x2be Core/Src/switch.o
 .debug_macro   0x00000000000225ad       0x46 Core/Src/switch.o
 .debug_macro   0x00000000000225f3      0x339 Core/Src/switch.o
 .debug_macro   0x000000000002292c       0x10 Core/Src/switch.o
 .debug_macro   0x000000000002293c       0xfb Core/Src/switch.o
 .debug_macro   0x0000000000022a37       0x56 Core/Src/switch.o
 .debug_macro   0x0000000000022a8d      0x1cf Core/Src/system_stm32l4xx.o
 .debug_macro   0x0000000000022c5c      0x21d Drivers/STM32L4xx_HAL_Driver/Src/stm32l4xx_hal.o
 .debug_macro   0x0000000000022e79      0x1d7 Drivers/STM32L4xx_HAL_Driver/Src/stm32l4xx_hal_can.o
 .debug_macro   0x0000000000023050      0x1cf Drivers/STM32L4xx_HAL_Driver/Src/stm32l4xx_hal_cortex.o
 .debug_macro   0x000000000002321f      0x20e Drivers/STM32L4xx_HAL_Driver/Src/stm32l4xx_hal_gpio.o
 .debug_macro   0x000000000002342d      0x1f3 Drivers/STM32L4xx_HAL_Driver/Src/stm32l4xx_hal_pwr_ex.o
 .debug_macro   0x0000000000023620      0x211 Drivers/STM32L4xx_HAL_Driver/Src/stm32l4xx_hal_rcc.o
 .debug_macro   0x0000000000023831      0x1d0 Drivers/STM32L4xx_HAL_Driver/Src/stm32l4xx_hal_tim.o
 .debug_macro   0x0000000000023a01      0x1cf Drivers/STM32L4xx_HAL_Driver/Src/stm32l4xx_hal_tim_ex.o

.debug_line     0x0000000000000000    0x1027c
 .debug_line    0x0000000000000000     0x108b Core/Src/J1939.o
 .debug_line    0x000000000000108b      0xb85 Core/Src/J1939_Config.o
 .debug_line    0x0000000000001c10      0xd68 Core/Src/fun.o
 .debug_line    0x0000000000002978      0xcac Core/Src/main.o
 .debug_line    0x0000000000003624      0x7e4 Core/Src/stm32l4xx_hal_msp.o
 .debug_line    0x0000000000003e08      0x88a Core/Src/stm32l4xx_it.o
 .debug_line    0x0000000000004692      0xa1a Core/Src/switch.o
 .debug_line    0x00000000000050ac      0x800 Core/Src/system_stm32l4xx.o
 .debug_line    0x00000000000058ac       0x87 Core/Startup/startup_stm32l452retx.o
 .debug_line    0x0000000000005933      0xb3f Drivers/STM32L4xx_HAL_Driver/Src/stm32l4xx_hal.o
 .debug_line    0x0000000000006472     0x1369 Drivers/STM32L4xx_HAL_Driver/Src/stm32l4xx_hal_can.o
 .debug_line    0x00000000000077db      0xce6 Drivers/STM32L4xx_HAL_Driver/Src/stm32l4xx_hal_cortex.o
 .debug_line    0x00000000000084c1      0xb63 Drivers/STM32L4xx_HAL_Driver/Src/stm32l4xx_hal_gpio.o
 .debug_line    0x0000000000009024      0xc46 Drivers/STM32L4xx_HAL_Driver/Src/stm32l4xx_hal_pwr_ex.o
 .debug_line    0x0000000000009c6a      0xfc5 Drivers/STM32L4xx_HAL_Driver/Src/stm32l4xx_hal_rcc.o
 .debug_line    0x000000000000ac2f     0x3ae8 Drivers/STM32L4xx_HAL_Driver/Src/stm32l4xx_hal_tim.o
 .debug_line    0x000000000000e717     0x1b65 Drivers/STM32L4xx_HAL_Driver/Src/stm32l4xx_hal_tim_ex.o

.debug_str      0x0000000000000000    0xd8664
 .debug_str     0x0000000000000000     0x4b03 Core/Src/J1939.o
                                       0x4ce8 (size before relaxing)
 .debug_str     0x0000000000004b03    0xcfc46 Core/Src/J1939_Config.o
                                      0xd46ff (size before relaxing)
 .debug_str     0x00000000000d4749      0x1a8 Core/Src/fun.o
                                      0xd47c2 (size before relaxing)
 .debug_str     0x00000000000d48f1      0x9a0 Core/Src/main.o
                                      0xd3783 (size before relaxing)
 .debug_str     0x00000000000d5291      0x449 Core/Src/stm32l4xx_hal_msp.o
                                      0xcfb02 (size before relaxing)
 .debug_str     0x00000000000d56da      0x11c Core/Src/stm32l4xx_it.o
                                      0xcf5c5 (size before relaxing)
 .debug_str     0x00000000000d57f6       0x36 Core/Src/switch.o
                                      0xd2dfd (size before relaxing)
 .debug_str     0x00000000000d582c       0xb8 Core/Src/system_stm32l4xx.o
                                      0xcedf1 (size before relaxing)
 .debug_str     0x00000000000d58e4       0x36 Core/Startup/startup_stm32l452retx.o
                                         0x6a (size before relaxing)
 .debug_str     0x00000000000d591a      0x5c0 Drivers/STM32L4xx_HAL_Driver/Src/stm32l4xx_hal.o
                                      0xcf851 (size before relaxing)
 .debug_str     0x00000000000d5eda      0x5f4 Drivers/STM32L4xx_HAL_Driver/Src/stm32l4xx_hal_can.o
                                      0xcf805 (size before relaxing)
 .debug_str     0x00000000000d64ce      0x389 Drivers/STM32L4xx_HAL_Driver/Src/stm32l4xx_hal_cortex.o
                                      0xcf5b7 (size before relaxing)
 .debug_str     0x00000000000d6857      0x23b Drivers/STM32L4xx_HAL_Driver/Src/stm32l4xx_hal_gpio.o
                                      0xcf086 (size before relaxing)
 .debug_str     0x00000000000d6a92      0x45a Drivers/STM32L4xx_HAL_Driver/Src/stm32l4xx_hal_pwr_ex.o
                                      0xcf2a8 (size before relaxing)
 .debug_str     0x00000000000d6eec      0x395 Drivers/STM32L4xx_HAL_Driver/Src/stm32l4xx_hal_rcc.o
                                      0xcf388 (size before relaxing)
 .debug_str     0x00000000000d7281      0xde7 Drivers/STM32L4xx_HAL_Driver/Src/stm32l4xx_hal_tim.o
                                      0xd0083 (size before relaxing)
 .debug_str     0x00000000000d8068      0x5fc Drivers/STM32L4xx_HAL_Driver/Src/stm32l4xx_hal_tim_ex.o
                                      0xcf955 (size before relaxing)

.comment        0x0000000000000000       0x53
 .comment       0x0000000000000000       0x53 Core/Src/J1939.o
                                         0x54 (size before relaxing)
 .comment       0x0000000000000053       0x54 Core/Src/J1939_Config.o
 .comment       0x0000000000000053       0x54 Core/Src/fun.o
 .comment       0x0000000000000053       0x54 Core/Src/main.o
 .comment       0x0000000000000053       0x54 Core/Src/stm32l4xx_hal_msp.o
 .comment       0x0000000000000053       0x54 Core/Src/stm32l4xx_it.o
 .comment       0x0000000000000053       0x54 Core/Src/switch.o
 .comment       0x0000000000000053       0x54 Core/Src/system_stm32l4xx.o
 .comment       0x0000000000000053       0x54 Drivers/STM32L4xx_HAL_Driver/Src/stm32l4xx_hal.o
 .comment       0x0000000000000053       0x54 Drivers/STM32L4xx_HAL_Driver/Src/stm32l4xx_hal_can.o
 .comment       0x0000000000000053       0x54 Drivers/STM32L4xx_HAL_Driver/Src/stm32l4xx_hal_cortex.o
 .comment       0x0000000000000053       0x54 Drivers/STM32L4xx_HAL_Driver/Src/stm32l4xx_hal_gpio.o
 .comment       0x0000000000000053       0x54 Drivers/STM32L4xx_HAL_Driver/Src/stm32l4xx_hal_pwr_ex.o
 .comment       0x0000000000000053       0x54 Drivers/STM32L4xx_HAL_Driver/Src/stm32l4xx_hal_rcc.o
 .comment       0x0000000000000053       0x54 Drivers/STM32L4xx_HAL_Driver/Src/stm32l4xx_hal_tim.o
 .comment       0x0000000000000053       0x54 Drivers/STM32L4xx_HAL_Driver/Src/stm32l4xx_hal_tim_ex.o

.debug_frame    0x0000000000000000     0x3ac4
 .debug_frame   0x0000000000000000      0x3a4 Core/Src/J1939.o
 .debug_frame   0x00000000000003a4       0x74 Core/Src/J1939_Config.o
 .debug_frame   0x0000000000000418      0x214 Core/Src/fun.o
 .debug_frame   0x000000000000062c      0x194 Core/Src/main.o
 .debug_frame   0x00000000000007c0       0xc8 Core/Src/stm32l4xx_hal_msp.o
 .debug_frame   0x0000000000000888      0x190 Core/Src/stm32l4xx_it.o
 .debug_frame   0x0000000000000a18       0x34 Core/Src/switch.o
 .debug_frame   0x0000000000000a4c       0x58 Core/Src/system_stm32l4xx.o
 .debug_frame   0x0000000000000aa4      0x498 Drivers/STM32L4xx_HAL_Driver/Src/stm32l4xx_hal.o
 .debug_frame   0x0000000000000f3c      0x5f4 Drivers/STM32L4xx_HAL_Driver/Src/stm32l4xx_hal_can.o
 .debug_frame   0x0000000000001530      0x498 Drivers/STM32L4xx_HAL_Driver/Src/stm32l4xx_hal_cortex.o
 .debug_frame   0x00000000000019c8      0x14c Drivers/STM32L4xx_HAL_Driver/Src/stm32l4xx_hal_gpio.o
 .debug_frame   0x0000000000001b14      0x4a4 Drivers/STM32L4xx_HAL_Driver/Src/stm32l4xx_hal_pwr_ex.o
 .debug_frame   0x0000000000001fb8      0x1f4 Drivers/STM32L4xx_HAL_Driver/Src/stm32l4xx_hal_rcc.o
 .debug_frame   0x00000000000021ac     0x121c Drivers/STM32L4xx_HAL_Driver/Src/stm32l4xx_hal_tim.o
 .debug_frame   0x00000000000033c8      0x6b0 Drivers/STM32L4xx_HAL_Driver/Src/stm32l4xx_hal_tim_ex.o
 .debug_frame   0x0000000000003a78       0x2c c:/users/simple energy/stm32cubeide_1.6.0/stm32cubeide/plugins/com.st.stm32cube.ide.mcu.externaltools.gnu-tools-for-stm32.9-2020-q2-update.win32_1.5.0.202011040924/tools/bin/../lib/gcc/arm-none-eabi/9.3.1/../../../../arm-none-eabi/lib/thumb/v7e-m+fp/hard\libc_nano.a(lib_a-init.o)
 .debug_frame   0x0000000000003aa4       0x20 c:/users/simple energy/stm32cubeide_1.6.0/stm32cubeide/plugins/com.st.stm32cube.ide.mcu.externaltools.gnu-tools-for-stm32.9-2020-q2-update.win32_1.5.0.202011040924/tools/bin/../lib/gcc/arm-none-eabi/9.3.1/../../../../arm-none-eabi/lib/thumb/v7e-m+fp/hard\libc_nano.a(lib_a-memset.o)
