Archive member included to satisfy reference by file (symbol)

c:/users/simple energy/stm32cubeide_1.6.0/stm32cubeide/plugins/com.st.stm32cube.ide.mcu.externaltools.gnu-tools-for-stm32.9-2020-q2-update.win32_1.5.0.202011040924/tools/bin/../lib/gcc/arm-none-eabi/9.3.1/../../../../arm-none-eabi/lib/thumb/v7e-m+fp/hard\libc_nano.a(lib_a-errno.o)
                              Core/Src/syscalls.o (__errno)
c:/users/simple energy/stm32cubeide_1.6.0/stm32cubeide/plugins/com.st.stm32cube.ide.mcu.externaltools.gnu-tools-for-stm32.9-2020-q2-update.win32_1.5.0.202011040924/tools/bin/../lib/gcc/arm-none-eabi/9.3.1/../../../../arm-none-eabi/lib/thumb/v7e-m+fp/hard\libc_nano.a(lib_a-exit.o)
                              c:/users/simple energy/stm32cubeide_1.6.0/stm32cubeide/plugins/com.st.stm32cube.ide.mcu.externaltools.gnu-tools-for-stm32.9-2020-q2-update.win32_1.5.0.202011040924/tools/bin/../lib/gcc/arm-none-eabi/9.3.1/../../../../arm-none-eabi/lib/thumb/v7e-m+fp/hard/crt0.o (exit)
c:/users/simple energy/stm32cubeide_1.6.0/stm32cubeide/plugins/com.st.stm32cube.ide.mcu.externaltools.gnu-tools-for-stm32.9-2020-q2-update.win32_1.5.0.202011040924/tools/bin/../lib/gcc/arm-none-eabi/9.3.1/../../../../arm-none-eabi/lib/thumb/v7e-m+fp/hard\libc_nano.a(lib_a-impure.o)
                              c:/users/simple energy/stm32cubeide_1.6.0/stm32cubeide/plugins/com.st.stm32cube.ide.mcu.externaltools.gnu-tools-for-stm32.9-2020-q2-update.win32_1.5.0.202011040924/tools/bin/../lib/gcc/arm-none-eabi/9.3.1/../../../../arm-none-eabi/lib/thumb/v7e-m+fp/hard\libc_nano.a(lib_a-exit.o) (_global_impure_ptr)
c:/users/simple energy/stm32cubeide_1.6.0/stm32cubeide/plugins/com.st.stm32cube.ide.mcu.externaltools.gnu-tools-for-stm32.9-2020-q2-update.win32_1.5.0.202011040924/tools/bin/../lib/gcc/arm-none-eabi/9.3.1/../../../../arm-none-eabi/lib/thumb/v7e-m+fp/hard\libc_nano.a(lib_a-init.o)
                              c:/users/simple energy/stm32cubeide_1.6.0/stm32cubeide/plugins/com.st.stm32cube.ide.mcu.externaltools.gnu-tools-for-stm32.9-2020-q2-update.win32_1.5.0.202011040924/tools/bin/../lib/gcc/arm-none-eabi/9.3.1/../../../../arm-none-eabi/lib/thumb/v7e-m+fp/hard/crt0.o (__libc_init_array)
c:/users/simple energy/stm32cubeide_1.6.0/stm32cubeide/plugins/com.st.stm32cube.ide.mcu.externaltools.gnu-tools-for-stm32.9-2020-q2-update.win32_1.5.0.202011040924/tools/bin/../lib/gcc/arm-none-eabi/9.3.1/../../../../arm-none-eabi/lib/thumb/v7e-m+fp/hard\libc_nano.a(lib_a-malloc.o)
                              Core/Src/J1939.o (malloc)
c:/users/simple energy/stm32cubeide_1.6.0/stm32cubeide/plugins/com.st.stm32cube.ide.mcu.externaltools.gnu-tools-for-stm32.9-2020-q2-update.win32_1.5.0.202011040924/tools/bin/../lib/gcc/arm-none-eabi/9.3.1/../../../../arm-none-eabi/lib/thumb/v7e-m+fp/hard\libc_nano.a(lib_a-memset.o)
                              c:/users/simple energy/stm32cubeide_1.6.0/stm32cubeide/plugins/com.st.stm32cube.ide.mcu.externaltools.gnu-tools-for-stm32.9-2020-q2-update.win32_1.5.0.202011040924/tools/bin/../lib/gcc/arm-none-eabi/9.3.1/../../../../arm-none-eabi/lib/thumb/v7e-m+fp/hard/crt0.o (memset)
c:/users/simple energy/stm32cubeide_1.6.0/stm32cubeide/plugins/com.st.stm32cube.ide.mcu.externaltools.gnu-tools-for-stm32.9-2020-q2-update.win32_1.5.0.202011040924/tools/bin/../lib/gcc/arm-none-eabi/9.3.1/../../../../arm-none-eabi/lib/thumb/v7e-m+fp/hard\libc_nano.a(lib_a-nano-freer.o)
                              c:/users/simple energy/stm32cubeide_1.6.0/stm32cubeide/plugins/com.st.stm32cube.ide.mcu.externaltools.gnu-tools-for-stm32.9-2020-q2-update.win32_1.5.0.202011040924/tools/bin/../lib/gcc/arm-none-eabi/9.3.1/../../../../arm-none-eabi/lib/thumb/v7e-m+fp/hard\libc_nano.a(lib_a-malloc.o) (_free_r)
c:/users/simple energy/stm32cubeide_1.6.0/stm32cubeide/plugins/com.st.stm32cube.ide.mcu.externaltools.gnu-tools-for-stm32.9-2020-q2-update.win32_1.5.0.202011040924/tools/bin/../lib/gcc/arm-none-eabi/9.3.1/../../../../arm-none-eabi/lib/thumb/v7e-m+fp/hard\libc_nano.a(lib_a-nano-mallocr.o)
                              c:/users/simple energy/stm32cubeide_1.6.0/stm32cubeide/plugins/com.st.stm32cube.ide.mcu.externaltools.gnu-tools-for-stm32.9-2020-q2-update.win32_1.5.0.202011040924/tools/bin/../lib/gcc/arm-none-eabi/9.3.1/../../../../arm-none-eabi/lib/thumb/v7e-m+fp/hard\libc_nano.a(lib_a-malloc.o) (_malloc_r)
c:/users/simple energy/stm32cubeide_1.6.0/stm32cubeide/plugins/com.st.stm32cube.ide.mcu.externaltools.gnu-tools-for-stm32.9-2020-q2-update.win32_1.5.0.202011040924/tools/bin/../lib/gcc/arm-none-eabi/9.3.1/../../../../arm-none-eabi/lib/thumb/v7e-m+fp/hard\libc_nano.a(lib_a-sbrkr.o)
                              c:/users/simple energy/stm32cubeide_1.6.0/stm32cubeide/plugins/com.st.stm32cube.ide.mcu.externaltools.gnu-tools-for-stm32.9-2020-q2-update.win32_1.5.0.202011040924/tools/bin/../lib/gcc/arm-none-eabi/9.3.1/../../../../arm-none-eabi/lib/thumb/v7e-m+fp/hard\libc_nano.a(lib_a-nano-mallocr.o) (_sbrk_r)
[...]
Memory Configuration

Name             Origin             Length             Attributes
RAM              0x0000000020000000 0x0000000000028000 xrw
FLASH            0x0000000008000000 0x0000000000080000 xr
*default*        0x0000000000000000 0xffffffffffffffff

Linker script and memory map

LOAD c:/users/simple energy/stm32cubeide_1.6.0/stm32cubeide/plugins/com.st.stm32cube.ide.mcu.externaltools.gnu-tools-for-stm32.9-2020-q2-update.win32_1.5.0.202011040924/tools/bin/../lib/gcc/arm-none-eabi/9.3.1/thumb/v7e-m+fp/hard/crti.o
LOAD c:/users/simple energy/stm32cubeide_1.6.0/stm32cubeide/plugins/com.st.stm32cube.ide.mcu.externaltools.gnu-tools-for-stm32.9-2020-q2-update.win32_1.5.0.202011040924/tools/bin/../lib/gcc/arm-none-eabi/9.3.1/thumb/v7e-m+fp/hard/crtbegin.o
LOAD c:/users/simple energy/stm32cubeide_1.6.0/stm32cubeide/plugins/com.st.stm32cube.ide.mcu.externaltools.gnu-tools-for-stm32.9-2020-q2-update.win32_1.5.0.202011040924/tools/bin/../lib/gcc/arm-none-eabi/9.3.1/../../../../arm-none-eabi/lib/thumb/v7e-m+fp/hard/crt0.o
LOAD Core/Src/J1939.o
LOAD Core/Src/J1939_Config.o
LOAD Core/Src/fun.o
LOAD Core/Src/main.o
LOAD Core/Src/stm32l4xx_hal_msp.o
LOAD Core/Src/stm32l4xx_it.o
LOAD Core/Src/switch.o
LOAD Core/Src/syscalls.o
LOAD Core/Src/sysmem.o
LOAD Core/Src/system_stm32l4xx.o
LOAD Core/Startup/startup_stm32l452retx.o
LOAD Drivers/STM32L4xx_HAL_Driver/Src/stm32l4xx_hal.o
LOAD Drivers/STM32L4xx_HAL_Driver/Src/stm32l4xx_hal_can.o
LOAD Drivers/STM32L4xx_HAL_Driver/Src/stm32l4xx_hal_cortex.o
LOAD Drivers/STM32L4xx_HAL_Driver/Src/stm32l4xx_hal_dma.o
LOAD Drivers/STM32L4xx_HAL_Driver/Src/stm32l4xx_hal_dma_ex.o
LOAD Drivers/STM32L4xx_HAL_Driver/Src/stm32l4xx_hal_exti.o
LOAD Drivers/STM32L4xx_HAL_Driver/Src/stm32l4xx_hal_flash.o
LOAD Drivers/STM32L4xx_HAL_Driver/Src/stm32l4xx_hal_flash_ex.o
LOAD Drivers/STM32L4xx_HAL_Driver/Src/stm32l4xx_hal_flash_ramfunc.o
LOAD Drivers/STM32L4xx_HAL_Driver/Src/stm32l4xx_hal_gpio.o
LOAD Drivers/STM32L4xx_HAL_Driver/Src/stm32l4xx_hal_i2c.o
LOAD Drivers/STM32L4xx_HAL_Driver/Src/stm32l4xx_hal_i2c_ex.o
LOAD Drivers/STM32L4xx_HAL_Driver/Src/stm32l4xx_hal_pwr.o
LOAD Drivers/STM32L4xx_HAL_Driver/Src/stm32l4xx_hal_pwr_ex.o
LOAD Drivers/STM32L4xx_HAL_Driver/Src/stm32l4xx_hal_rcc.o
LOAD Drivers/STM32L4xx_HAL_Driver/Src/stm32l4xx_hal_rcc_ex.o
LOAD Drivers/STM32L4xx_HAL_Driver/Src/stm32l4xx_hal_tim.o
LOAD Drivers/STM32L4xx_HAL_Driver/Src/stm32l4xx_hal_tim_ex.o
LOAD Drivers/STM32L4xx_HAL_Driver/Src/stm32l4xx_hal_uart.o
LOAD Drivers/STM32L4xx_HAL_Driver/Src/stm32l4xx_hal_uart_ex.o
START GROUP
LOAD c:/users/simple energy/stm32cubeide_1.6.0/stm32cubeide/plugins/com.st.stm32cube.ide.mcu.externaltools.gnu-tools-for-stm32.9-2020-q2-update.win32_1.5.0.202011040924/tools/bin/../lib/gcc/arm-none-eabi/9.3.1/../../../../arm-none-eabi/lib/thumb/v7e-m+fp/hard\libc_nano.a
LOAD c:/users/simple energy/stm32cubeide_1.6.0/stm32cubeide/plugins/com.st.stm32cube.ide.mcu.externaltools.gnu-tools-for-stm32.9-2020-q2-update.win32_1.5.0.202011040924/tools/bin/../lib/gcc/arm-none-eabi/9.3.1/../../../../arm-none-eabi/lib/thumb/v7e-m+fp/hard\libm.a
END GROUP
START GROUP
LOAD c:/users/simple energy/stm32cubeide_1.6.0/stm32cubeide/plugins/com.st.stm32cube.ide.mcu.externaltools.gnu-tools-for-stm32.9-2020-q2-update.win32_1.5.0.202011040924/tools/bin/../lib/gcc/arm-none-eabi/9.3.1/thumb/v7e-m+fp/hard\libgcc.a
LOAD c:/users/simple energy/stm32cubeide_1.6.0/stm32cubeide/plugins/com.st.stm32cube.ide.mcu.externaltools.gnu-tools-for-stm32.9-2020-q2-update.win32_1.5.0.202011040924/tools/bin/../lib/gcc/arm-none-eabi/9.3.1/../../../../arm-none-eabi/lib/thumb/v7e-m+fp/hard\libc_nano.a
END GROUP
START GROUP
LOAD c:/users/simple energy/stm32cubeide_1.6.0/stm32cubeide/plugins/com.st.stm32cube.ide.mcu.externaltools.gnu-tools-for-stm32.9-2020-q2-update.win32_1.5.0.202011040924/tools/bin/../lib/gcc/arm-none-eabi/9.3.1/thumb/v7e-m+fp/hard\libgcc.a
LOAD c:/users/simple energy/stm32cubeide_1.6.0/stm32cubeide/plugins/com.st.stm32cube.ide.mcu.externaltools.gnu-tools-for-stm32.9-2020-q2-update.win32_1.5.0.202011040924/tools/bin/../lib/gcc/arm-none-eabi/9.3.1/../../../../arm-none-eabi/lib/thumb/v7e-m+fp/hard\libc_nano.a
LOAD c:/users/simple energy/stm32cubeide_1.6.0/stm32cubeide/plugins/com.st.stm32cube.ide.mcu.externaltools.gnu-tools-for-stm32.9-2020-q2-update.win32_1.5.0.202011040924/tools/bin/../lib/gcc/arm-none-eabi/9.3.1/../../../../arm-none-eabi/lib/thumb/v7e-m+fp/hard\libnosys.a
END GROUP
START GROUP
LOAD c:/users/simple energy/stm32cubeide_1.6.0/stm32cubeide/plugins/com.st.stm32cube.ide.mcu.externaltools.gnu-tools-for-stm32.9-2020-q2-update.win32_1.5.0.202011040924/tools/bin/../lib/gcc/arm-none-eabi/9.3.1/thumb/v7e-m+fp/hard\libgcc.a
LOAD c:/users/simple energy/stm32cubeide_1.6.0/stm32cubeide/plugins/com.st.stm32cube.ide.mcu.externaltools.gnu-tools-for-stm32.9-2020-q2-update.win32_1.5.0.202011040924/tools/bin/../lib/gcc/arm-none-eabi/9.3.1/../../../../arm-none-eabi/lib/thumb/v7e-m+fp/hard\libc_nano.a
LOAD c:/users/simple energy/stm32cubeide_1.6.0/stm32cubeide/plugins/com.st.stm32cube.ide.mcu.externaltools.gnu-tools-for-stm32.9-2020-q2-update.win32_1.5.0.202011040924/tools/bin/../lib/gcc/arm-none-eabi/9.3.1/../../../../arm-none-eabi/lib/thumb/v7e-m+fp/hard\libnosys.a
END GROUP
LOAD c:/users/simple energy/stm32cubeide_1.6.0/stm32cubeide/plugins/com.st.stm32cube.ide.mcu.externaltools.gnu-tools-for-stm32.9-2020-q2-update.win32_1.5.0.202011040924/tools/bin/../lib/gcc/arm-none-eabi/9.3.1/thumb/v7e-m+fp/hard/crtend.o
LOAD c:/users/simple energy/stm32cubeide_1.6.0/stm32cubeide/plugins/com.st.stm32cube.ide.mcu.externaltools.gnu-tools-for-stm32.9-2020-q2-update.win32_1.5.0.202011040924/tools/bin/../lib/gcc/arm-none-eabi/9.3.1/thumb/v7e-m+fp/hard/crtn.o
                0x0000000020028000                _estack = (ORIGIN (RAM) + LENGTH (RAM))
                0x0000000000000200                _Min_Heap_Size = 0x200
                0x0000000000000400                _Min_Stack_Size = 0x400

.isr_vector     0x0000000008000000      0x194
                0x0000000008000000                . = ALIGN (0x4)
 *(.isr_vector)
 .isr_vector    0x0000000008000000      0x194 Core/Startup/startup_stm32l452retx.o
                0x0000000008000000                g_pfnVectors
                0x0000000008000194                . = ALIGN (0x4)

.text           0x0000000008000194     0x4850
                0x0000000008000194                . = ALIGN (0x4)
 *(.text)
 .text          0x0000000008000194       0x40 c:/users/simple energy/stm32cubeide_1.6.0/stm32cubeide/plugins/com.st.stm32cube.ide.mcu.externaltools.gnu-tools-for-stm32.9-2020-q2-update.win32_1.5.0.202011040924/tools/bin/../lib/gcc/arm-none-eabi/9.3.1/thumb/v7e-m+fp/hard/crtbegin.o
 .text          0x00000000080001d4       0x30 c:/users/simple energy/stm32cubeide_1.6.0/stm32cubeide/plugins/com.st.stm32cube.ide.mcu.externaltools.gnu-tools-for-stm32.9-2020-q2-update.win32_1.5.0.202011040924/tools/bin/../lib/gcc/arm-none-eabi/9.3.1/thumb/v7e-m+fp/hard\libgcc.a(_aeabi_uldivmod.o)
                0x00000000080001d4                __aeabi_uldivmod
 .text          0x0000000008000204      0x2c4 c:/users/simple energy/stm32cubeide_1.6.0/stm32cubeide/plugins/com.st.stm32cube.ide.mcu.externaltools.gnu-tools-for-stm32.9-2020-q2-update.win32_1.5.0.202011040924/tools/bin/../lib/gcc/arm-none-eabi/9.3.1/thumb/v7e-m+fp/hard\libgcc.a(_udivmoddi4.o)
                0x0000000008000204                __udivmoddi4
 .text          0x00000000080004c8        0x4 c:/users/simple energy/stm32cubeide_1.6.0/stm32cubeide/plugins/com.st.stm32cube.ide.mcu.externaltools.gnu-tools-for-stm32.9-2020-q2-update.win32_1.5.0.202011040924/tools/bin/../lib/gcc/arm-none-eabi/9.3.1/thumb/v7e-m+fp/hard\libgcc.a(_dvmd_tls.o)
                0x00000000080004c8                __aeabi_idiv0
                0x00000000080004c8                __aeabi_ldiv0
 *(.text*)
 .text.main     0x00000000080004cc       0x70 Core/Src/main.o
                0x00000000080004cc                main
 .text.SystemClock_Config
                0x000000000800053c       0xd8 Core/Src/main.o
                0x000000000800053c                SystemClock_Config
 .text.MX_CAN1_Init
                0x0000000008000614       0x6c Core/Src/main.o
 .text.MX_TIM2_Init
                0x0000000008000680       0xf0 Core/Src/main.o
 .text.MX_TIM3_Init
                0x0000000008000770       0x9c Core/Src/main.o
 .text.MX_USART3_UART_Init
                0x000000000800080c       0x60 Core/Src/main.o
 .text.MX_GPIO_Init
                0x000000000800086c      0x198 Core/Src/main.o
 .text.Error_Handler
                0x0000000008000a04        0xa Core/Src/main.o
                0x0000000008000a04                Error_Handler
 *fill*         0x0000000008000a0e        0x2 
 .text.HAL_MspInit
                0x0000000008000a10       0x48 Core/Src/stm32l4xx_hal_msp.o
                0x0000000008000a10                HAL_MspInit
 .text.HAL_CAN_MspInit
                0x0000000008000a58       0xc8 Core/Src/stm32l4xx_hal_msp.o
                0x0000000008000a58                HAL_CAN_MspInit
 .text.HAL_TIM_Base_MspInit
                0x0000000008000b20       0x70 Core/Src/stm32l4xx_hal_msp.o
                0x0000000008000b20                HAL_TIM_Base_MspInit
 .text.HAL_TIM_MspPostInit
                0x0000000008000b90       0x68 Core/Src/stm32l4xx_hal_msp.o
                0x0000000008000b90                HAL_TIM_MspPostInit
 .text.HAL_UART_MspInit
                0x0000000008000bf8       0x88 Core/Src/stm32l4xx_hal_msp.o
                0x0000000008000bf8                HAL_UART_MspInit
 .text.NMI_Handler
                0x0000000008000c80        0x6 Core/Src/stm32l4xx_it.o
                0x0000000008000c80                NMI_Handler
 .text.HardFault_Handler
                0x0000000008000c86        0x6 Core/Src/stm32l4xx_it.o
                0x0000000008000c86                HardFault_Handler
 .text.MemManage_Handler
                0x0000000008000c8c        0x6 Core/Src/stm32l4xx_it.o
                0x0000000008000c8c                MemManage_Handler
 .text.BusFault_Handler
                0x0000000008000c92        0x6 Core/Src/stm32l4xx_it.o
                0x0000000008000c92                BusFault_Handler
 .text.UsageFault_Handler
                0x0000000008000c98        0x6 Core/Src/stm32l4xx_it.o
                0x0000000008000c98                UsageFault_Handler
 .text.SVC_Handler
                0x0000000008000c9e        0xe Core/Src/stm32l4xx_it.o
                0x0000000008000c9e                SVC_Handler
 .text.DebugMon_Handler
                0x0000000008000cac        0xe Core/Src/stm32l4xx_it.o
                0x0000000008000cac                DebugMon_Handler
 .text.PendSV_Handler
                0x0000000008000cba        0xe Core/Src/stm32l4xx_it.o
                0x0000000008000cba                PendSV_Handler
 .text.SysTick_Handler
                0x0000000008000cc8        0xc Core/Src/stm32l4xx_it.o
                0x0000000008000cc8                SysTick_Handler
 .text.CAN1_TX_IRQHandler
                0x0000000008000cd4       0x14 Core/Src/stm32l4xx_it.o
                0x0000000008000cd4                CAN1_TX_IRQHandler
 .text.CAN1_RX0_IRQHandler
                0x0000000008000ce8       0x14 Core/Src/stm32l4xx_it.o
                0x0000000008000ce8                CAN1_RX0_IRQHandler
 .text.CAN1_RX1_IRQHandler
                0x0000000008000cfc       0x14 Core/Src/stm32l4xx_it.o
                0x0000000008000cfc                CAN1_RX1_IRQHandler
 .text.CAN1_SCE_IRQHandler
                0x0000000008000d10       0x14 Core/Src/stm32l4xx_it.o
                0x0000000008000d10                CAN1_SCE_IRQHandler
 .text.TIM3_IRQHandler
                0x0000000008000d24       0x14 Core/Src/stm32l4xx_it.o
                0x0000000008000d24                TIM3_IRQHandler
 .text.SystemInit
                0x0000000008000d38       0x64 Core/Src/system_stm32l4xx.o
                0x0000000008000d38                SystemInit
 .text.Reset_Handler
                0x0000000008000d9c       0x50 Core/Startup/startup_stm32l452retx.o
                0x0000000008000d9c                Reset_Handler
 .text.Default_Handler
                0x0000000008000dec        0x2 Core/Startup/startup_stm32l452retx.o
                0x0000000008000dec                RTC_Alarm_IRQHandler
                0x0000000008000dec                EXTI2_IRQHandler
                0x0000000008000dec                TIM1_CC_IRQHandler
                0x0000000008000dec                TSC_IRQHandler
                0x0000000008000dec                TAMP_STAMP_IRQHandler
                0x0000000008000dec                EXTI3_IRQHandler
                0x0000000008000dec                LPTIM2_IRQHandler
                0x0000000008000dec                DFSDM1_FLT1_IRQHandler
                0x0000000008000dec                I2C3_ER_IRQHandler
                0x0000000008000dec                EXTI0_IRQHandler
                0x0000000008000dec                I2C2_EV_IRQHandler
                0x0000000008000dec                FPU_IRQHandler
                0x0000000008000dec                TIM1_UP_TIM16_IRQHandler
                0x0000000008000dec                SPI1_IRQHandler
                0x0000000008000dec                TIM6_DAC_IRQHandler
                0x0000000008000dec                DMA2_Channel2_IRQHandler
                0x0000000008000dec                DMA1_Channel4_IRQHandler
                0x0000000008000dec                ADC1_IRQHandler
                0x0000000008000dec                USART3_IRQHandler
                0x0000000008000dec                DMA1_Channel7_IRQHandler
                0x0000000008000dec                DMA2_Channel1_IRQHandler
                0x0000000008000dec                QUADSPI_IRQHandler
                0x0000000008000dec                I2C1_EV_IRQHandler
                0x0000000008000dec                DMA1_Channel6_IRQHandler
                0x0000000008000dec                UART4_IRQHandler
                0x0000000008000dec                DMA2_Channel4_IRQHandler
                0x0000000008000dec                RCC_IRQHandler
                0x0000000008000dec                TIM1_TRG_COM_IRQHandler
                0x0000000008000dec                DMA1_Channel1_IRQHandler
                0x0000000008000dec                Default_Handler
                0x0000000008000dec                DMA2_Channel7_IRQHandler
                0x0000000008000dec                EXTI15_10_IRQHandler
                0x0000000008000dec                SDMMC1_IRQHandler
                0x0000000008000dec                I2C3_EV_IRQHandler
                0x0000000008000dec                USB_IRQHandler
                0x0000000008000dec                EXTI9_5_IRQHandler
                0x0000000008000dec                RTC_WKUP_IRQHandler
                0x0000000008000dec                PVD_PVM_IRQHandler
                0x0000000008000dec                SPI2_IRQHandler
                0x0000000008000dec                DMA2_Channel5_IRQHandler
                0x0000000008000dec                CRS_IRQHandler
                0x0000000008000dec                DMA1_Channel5_IRQHandler
                0x0000000008000dec                EXTI4_IRQHandler
                0x0000000008000dec                RNG_IRQHandler
                0x0000000008000dec                DMA1_Channel3_IRQHandler
                0x0000000008000dec                COMP_IRQHandler
                0x0000000008000dec                WWDG_IRQHandler
                0x0000000008000dec                I2C4_EV_IRQHandler
                0x0000000008000dec                LPUART1_IRQHandler
                0x0000000008000dec                DMA2_Channel6_IRQHandler
                0x0000000008000dec                TIM2_IRQHandler
                0x0000000008000dec                EXTI1_IRQHandler
                0x0000000008000dec                USART2_IRQHandler
                0x0000000008000dec                DFSDM1_FLT0_IRQHandler
                0x0000000008000dec                I2C2_ER_IRQHandler
                0x0000000008000dec                DMA1_Channel2_IRQHandler
                0x0000000008000dec                FLASH_IRQHandler
                0x0000000008000dec                USART1_IRQHandler
                0x0000000008000dec                SPI3_IRQHandler
                0x0000000008000dec                I2C1_ER_IRQHandler
                0x0000000008000dec                LPTIM1_IRQHandler
                0x0000000008000dec                I2C4_ER_IRQHandler
                0x0000000008000dec                SAI1_IRQHandler
                0x0000000008000dec                DMA2_Channel3_IRQHandler
                0x0000000008000dec                TIM1_BRK_TIM15_IRQHandler
 .text.HAL_Init
                0x0000000008000dee       0x30 Drivers/STM32L4xx_HAL_Driver/Src/stm32l4xx_hal.o
                0x0000000008000dee                HAL_Init
 *fill*         0x0000000008000e1e        0x2 
 .text.HAL_InitTick
                0x0000000008000e20       0x78 Drivers/STM32L4xx_HAL_Driver/Src/stm32l4xx_hal.o
                0x0000000008000e20                HAL_InitTick
 .text.HAL_IncTick
                0x0000000008000e98       0x28 Drivers/STM32L4xx_HAL_Driver/Src/stm32l4xx_hal.o
                0x0000000008000e98                HAL_IncTick
 .text.HAL_GetTick
                0x0000000008000ec0       0x18 Drivers/STM32L4xx_HAL_Driver/Src/stm32l4xx_hal.o
                0x0000000008000ec0                HAL_GetTick
 .text.HAL_Delay
                0x0000000008000ed8       0x48 Drivers/STM32L4xx_HAL_Driver/Src/stm32l4xx_hal.o
                0x0000000008000ed8                HAL_Delay
 .text.HAL_CAN_Init
                0x0000000008000f20      0x28c Drivers/STM32L4xx_HAL_Driver/Src/stm32l4xx_hal_can.o
                0x0000000008000f20                HAL_CAN_Init
 .text.HAL_CAN_IRQHandler
                0x00000000080011ac      0x38a Drivers/STM32L4xx_HAL_Driver/Src/stm32l4xx_hal_can.o
                0x00000000080011ac                HAL_CAN_IRQHandler
 .text.HAL_CAN_TxMailbox0CompleteCallback
                0x0000000008001536       0x14 Drivers/STM32L4xx_HAL_Driver/Src/stm32l4xx_hal_can.o
                0x0000000008001536                HAL_CAN_TxMailbox0CompleteCallback
 .text.HAL_CAN_TxMailbox1CompleteCallback
                0x000000000800154a       0x14 Drivers/STM32L4xx_HAL_Driver/Src/stm32l4xx_hal_can.o
                0x000000000800154a                HAL_CAN_TxMailbox1CompleteCallback
 .text.HAL_CAN_TxMailbox2CompleteCallback
                0x000000000800155e       0x14 Drivers/STM32L4xx_HAL_Driver/Src/stm32l4xx_hal_can.o
                0x000000000800155e                HAL_CAN_TxMailbox2CompleteCallback
 .text.HAL_CAN_TxMailbox0AbortCallback
                0x0000000008001572       0x14 Drivers/STM32L4xx_HAL_Driver/Src/stm32l4xx_hal_can.o
                0x0000000008001572                HAL_CAN_TxMailbox0AbortCallback
 .text.HAL_CAN_TxMailbox1AbortCallback
                0x0000000008001586       0x14 Drivers/STM32L4xx_HAL_Driver/Src/stm32l4xx_hal_can.o
                0x0000000008001586                HAL_CAN_TxMailbox1AbortCallback
 .text.HAL_CAN_TxMailbox2AbortCallback
                0x000000000800159a       0x14 Drivers/STM32L4xx_HAL_Driver/Src/stm32l4xx_hal_can.o
                0x000000000800159a                HAL_CAN_TxMailbox2AbortCallback
 .text.HAL_CAN_RxFifo0MsgPendingCallback
                0x00000000080015ae       0x14 Drivers/STM32L4xx_HAL_Driver/Src/stm32l4xx_hal_can.o
                0x00000000080015ae                HAL_CAN_RxFifo0MsgPendingCallback
 .text.HAL_CAN_RxFifo0FullCallback
                0x00000000080015c2       0x14 Drivers/STM32L4xx_HAL_Driver/Src/stm32l4xx_hal_can.o
                0x00000000080015c2                HAL_CAN_RxFifo0FullCallback
 .text.HAL_CAN_RxFifo1MsgPendingCallback
                0x00000000080015d6       0x14 Drivers/STM32L4xx_HAL_Driver/Src/stm32l4xx_hal_can.o
                0x00000000080015d6                HAL_CAN_RxFifo1MsgPendingCallback
 .text.HAL_CAN_RxFifo1FullCallback
                0x00000000080015ea       0x14 Drivers/STM32L4xx_HAL_Driver/Src/stm32l4xx_hal_can.o
                0x00000000080015ea                HAL_CAN_RxFifo1FullCallback
 .text.HAL_CAN_SleepCallback
                0x00000000080015fe       0x14 Drivers/STM32L4xx_HAL_Driver/Src/stm32l4xx_hal_can.o
                0x00000000080015fe                HAL_CAN_SleepCallback
 .text.HAL_CAN_WakeUpFromRxMsgCallback
                0x0000000008001612       0x14 Drivers/STM32L4xx_HAL_Driver/Src/stm32l4xx_hal_can.o
                0x0000000008001612                HAL_CAN_WakeUpFromRxMsgCallback
 .text.HAL_CAN_ErrorCallback
                0x0000000008001626       0x14 Drivers/STM32L4xx_HAL_Driver/Src/stm32l4xx_hal_can.o
                0x0000000008001626                HAL_CAN_ErrorCallback
 *fill*         0x000000000800163a        0x2 
 .text.__NVIC_SetPriorityGrouping
                0x000000000800163c       0x48 Drivers/STM32L4xx_HAL_Driver/Src/stm32l4xx_hal_cortex.o
 .text.__NVIC_GetPriorityGrouping
                0x0000000008001684       0x1c Drivers/STM32L4xx_HAL_Driver/Src/stm32l4xx_hal_cortex.o
 .text.__NVIC_EnableIRQ
                0x00000000080016a0       0x3c Drivers/STM32L4xx_HAL_Driver/Src/stm32l4xx_hal_cortex.o
 .text.__NVIC_SetPriority
                0x00000000080016dc       0x54 Drivers/STM32L4xx_HAL_Driver/Src/stm32l4xx_hal_cortex.o
 .text.NVIC_EncodePriority
                0x0000000008001730       0x66 Drivers/STM32L4xx_HAL_Driver/Src/stm32l4xx_hal_cortex.o
 *fill*         0x0000000008001796        0x2 
 .text.SysTick_Config
                0x0000000008001798       0x44 Drivers/STM32L4xx_HAL_Driver/Src/stm32l4xx_hal_cortex.o
 .text.HAL_NVIC_SetPriorityGrouping
                0x00000000080017dc       0x16 Drivers/STM32L4xx_HAL_Driver/Src/stm32l4xx_hal_cortex.o
                0x00000000080017dc                HAL_NVIC_SetPriorityGrouping
 .text.HAL_NVIC_SetPriority
                0x00000000080017f2       0x38 Drivers/STM32L4xx_HAL_Driver/Src/stm32l4xx_hal_cortex.o
                0x00000000080017f2                HAL_NVIC_SetPriority
 .text.HAL_NVIC_EnableIRQ
                0x000000000800182a       0x1c Drivers/STM32L4xx_HAL_Driver/Src/stm32l4xx_hal_cortex.o
                0x000000000800182a                HAL_NVIC_EnableIRQ
 .text.HAL_SYSTICK_Config
                0x0000000008001846       0x18 Drivers/STM32L4xx_HAL_Driver/Src/stm32l4xx_hal_cortex.o
                0x0000000008001846                HAL_SYSTICK_Config
 *fill*         0x000000000800185e        0x2 
 .text.HAL_GPIO_Init
                0x0000000008001860      0x2f4 Drivers/STM32L4xx_HAL_Driver/Src/stm32l4xx_hal_gpio.o
                0x0000000008001860                HAL_GPIO_Init
 .text.HAL_GPIO_WritePin
                0x0000000008001b54       0x30 Drivers/STM32L4xx_HAL_Driver/Src/stm32l4xx_hal_gpio.o
                0x0000000008001b54                HAL_GPIO_WritePin
 .text.HAL_PWREx_GetVoltageRange
                0x0000000008001b84       0x1c Drivers/STM32L4xx_HAL_Driver/Src/stm32l4xx_hal_pwr_ex.o
                0x0000000008001b84                HAL_PWREx_GetVoltageRange
 .text.HAL_PWREx_ControlVoltageScaling
                0x0000000008001ba0       0xac Drivers/STM32L4xx_HAL_Driver/Src/stm32l4xx_hal_pwr_ex.o
                0x0000000008001ba0                HAL_PWREx_ControlVoltageScaling
 .text.HAL_RCC_OscConfig
                0x0000000008001c4c      0x840 Drivers/STM32L4xx_HAL_Driver/Src/stm32l4xx_hal_rcc.o
                0x0000000008001c4c                HAL_RCC_OscConfig
 .text.HAL_RCC_ClockConfig
                0x000000000800248c      0x1c4 Drivers/STM32L4xx_HAL_Driver/Src/stm32l4xx_hal_rcc.o
                0x000000000800248c                HAL_RCC_ClockConfig
 .text.HAL_RCC_GetSysClockFreq
                0x0000000008002650      0x118 Drivers/STM32L4xx_HAL_Driver/Src/stm32l4xx_hal_rcc.o
                0x0000000008002650                HAL_RCC_GetSysClockFreq
 .text.HAL_RCC_GetHCLKFreq
                0x0000000008002768       0x18 Drivers/STM32L4xx_HAL_Driver/Src/stm32l4xx_hal_rcc.o
                0x0000000008002768                HAL_RCC_GetHCLKFreq
 .text.HAL_RCC_GetPCLK1Freq
                0x0000000008002780       0x2c Drivers/STM32L4xx_HAL_Driver/Src/stm32l4xx_hal_rcc.o
                0x0000000008002780                HAL_RCC_GetPCLK1Freq
 .text.HAL_RCC_GetPCLK2Freq
                0x00000000080027ac       0x2c Drivers/STM32L4xx_HAL_Driver/Src/stm32l4xx_hal_rcc.o
                0x00000000080027ac                HAL_RCC_GetPCLK2Freq
 .text.RCC_SetFlashLatencyFromMSIRange
                0x00000000080027d8       0xc0 Drivers/STM32L4xx_HAL_Driver/Src/stm32l4xx_hal_rcc.o
 .text.HAL_RCCEx_PeriphCLKConfig
                0x0000000008002898      0x4d8 Drivers/STM32L4xx_HAL_Driver/Src/stm32l4xx_hal_rcc_ex.o
                0x0000000008002898                HAL_RCCEx_PeriphCLKConfig
 .text.RCCEx_PLLSAI1_Config
                0x0000000008002d70      0x1e4 Drivers/STM32L4xx_HAL_Driver/Src/stm32l4xx_hal_rcc_ex.o
 .text.HAL_TIM_Base_Init
                0x0000000008002f54       0xae Drivers/STM32L4xx_HAL_Driver/Src/stm32l4xx_hal_tim.o
                0x0000000008002f54                HAL_TIM_Base_Init
 .text.HAL_TIM_PWM_Init
                0x0000000008003002       0xae Drivers/STM32L4xx_HAL_Driver/Src/stm32l4xx_hal_tim.o
                0x0000000008003002                HAL_TIM_PWM_Init
 .text.HAL_TIM_PWM_MspInit
                0x00000000080030b0       0x14 Drivers/STM32L4xx_HAL_Driver/Src/stm32l4xx_hal_tim.o
                0x00000000080030b0                HAL_TIM_PWM_MspInit
 .text.HAL_TIM_PWM_Start
                0x00000000080030c4      0x1cc Drivers/STM32L4xx_HAL_Driver/Src/stm32l4xx_hal_tim.o
                0x00000000080030c4                HAL_TIM_PWM_Start
 .text.HAL_TIM_IRQHandler
                0x0000000008003290      0x23e Drivers/STM32L4xx_HAL_Driver/Src/stm32l4xx_hal_tim.o
                0x0000000008003290                HAL_TIM_IRQHandler
 *fill*         0x00000000080034ce        0x2 
 .text.HAL_TIM_PWM_ConfigChannel
                0x00000000080034d0      0x220 Drivers/STM32L4xx_HAL_Driver/Src/stm32l4xx_hal_tim.o
                0x00000000080034d0                HAL_TIM_PWM_ConfigChannel
 .text.HAL_TIM_ConfigClockSource
                0x00000000080036f0      0x18c Drivers/STM32L4xx_HAL_Driver/Src/stm32l4xx_hal_tim.o
                0x00000000080036f0                HAL_TIM_ConfigClockSource
 .text.HAL_TIM_PeriodElapsedCallback
                0x000000000800387c       0x14 Drivers/STM32L4xx_HAL_Driver/Src/stm32l4xx_hal_tim.o
                0x000000000800387c                HAL_TIM_PeriodElapsedCallback
 .text.HAL_TIM_OC_DelayElapsedCallback
                0x0000000008003890       0x14 Drivers/STM32L4xx_HAL_Driver/Src/stm32l4xx_hal_tim.o
                0x0000000008003890                HAL_TIM_OC_DelayElapsedCallback
 .text.HAL_TIM_IC_CaptureCallback
                0x00000000080038a4       0x14 Drivers/STM32L4xx_HAL_Driver/Src/stm32l4xx_hal_tim.o
                0x00000000080038a4                HAL_TIM_IC_CaptureCallback
 .text.HAL_TIM_PWM_PulseFinishedCallback
                0x00000000080038b8       0x14 Drivers/STM32L4xx_HAL_Driver/Src/stm32l4xx_hal_tim.o
                0x00000000080038b8                HAL_TIM_PWM_PulseFinishedCallback
 .text.HAL_TIM_TriggerCallback
                0x00000000080038cc       0x14 Drivers/STM32L4xx_HAL_Driver/Src/stm32l4xx_hal_tim.o
                0x00000000080038cc                HAL_TIM_TriggerCallback
 .text.TIM_Base_SetConfig
                0x00000000080038e0       0xdc Drivers/STM32L4xx_HAL_Driver/Src/stm32l4xx_hal_tim.o
                0x00000000080038e0                TIM_Base_SetConfig
 .text.TIM_OC1_SetConfig
                0x00000000080039bc       0xf8 Drivers/STM32L4xx_HAL_Driver/Src/stm32l4xx_hal_tim.o
 .text.TIM_OC2_SetConfig
                0x0000000008003ab4       0xf4 Drivers/STM32L4xx_HAL_Driver/Src/stm32l4xx_hal_tim.o
                0x0000000008003ab4                TIM_OC2_SetConfig
 .text.TIM_OC3_SetConfig
                0x0000000008003ba8       0xf0 Drivers/STM32L4xx_HAL_Driver/Src/stm32l4xx_hal_tim.o
 .text.TIM_OC4_SetConfig
                0x0000000008003c98       0xbc Drivers/STM32L4xx_HAL_Driver/Src/stm32l4xx_hal_tim.o
 .text.TIM_OC5_SetConfig
                0x0000000008003d54       0xb0 Drivers/STM32L4xx_HAL_Driver/Src/stm32l4xx_hal_tim.o
 .text.TIM_OC6_SetConfig
                0x0000000008003e04       0xb4 Drivers/STM32L4xx_HAL_Driver/Src/stm32l4xx_hal_tim.o
 .text.TIM_TI1_ConfigInputStage
                0x0000000008003eb8       0x5e Drivers/STM32L4xx_HAL_Driver/Src/stm32l4xx_hal_tim.o
 .text.TIM_TI2_ConfigInputStage
                0x0000000008003f16       0x60 Drivers/STM32L4xx_HAL_Driver/Src/stm32l4xx_hal_tim.o
 .text.TIM_ITRx_SetConfig
                0x0000000008003f76       0x36 Drivers/STM32L4xx_HAL_Driver/Src/stm32l4xx_hal_tim.o
 .text.TIM_ETR_SetConfig
                0x0000000008003fac       0x40 Drivers/STM32L4xx_HAL_Driver/Src/stm32l4xx_hal_tim.o
                0x0000000008003fac                TIM_ETR_SetConfig
 .text.TIM_CCxChannelCmd
                0x0000000008003fec       0x4a Drivers/STM32L4xx_HAL_Driver/Src/stm32l4xx_hal_tim.o
                0x0000000008003fec                TIM_CCxChannelCmd
 *fill*         0x0000000008004036        0x2 
 .text.HAL_TIMEx_MasterConfigSynchronization
                0x0000000008004038       0xdc Drivers/STM32L4xx_HAL_Driver/Src/stm32l4xx_hal_tim_ex.o
                0x0000000008004038                HAL_TIMEx_MasterConfigSynchronization
 .text.HAL_TIMEx_CommutCallback
                0x0000000008004114       0x14 Drivers/STM32L4xx_HAL_Driver/Src/stm32l4xx_hal_tim_ex.o
                0x0000000008004114                HAL_TIMEx_CommutCallback
 .text.HAL_TIMEx_BreakCallback
                0x0000000008004128       0x14 Drivers/STM32L4xx_HAL_Driver/Src/stm32l4xx_hal_tim_ex.o
                0x0000000008004128                HAL_TIMEx_BreakCallback
 .text.HAL_TIMEx_Break2Callback
                0x000000000800413c       0x14 Drivers/STM32L4xx_HAL_Driver/Src/stm32l4xx_hal_tim_ex.o
                0x000000000800413c                HAL_TIMEx_Break2Callback
 .text.HAL_UART_Init
                0x0000000008004150       0x9c Drivers/STM32L4xx_HAL_Driver/Src/stm32l4xx_hal_uart.o
                0x0000000008004150                HAL_UART_Init
 .text.UART_SetConfig
                0x00000000080041ec      0x4b8 Drivers/STM32L4xx_HAL_Driver/Src/stm32l4xx_hal_uart.o
                0x00000000080041ec                UART_SetConfig
 .text.UART_AdvFeatureConfig
                0x00000000080046a4      0x144 Drivers/STM32L4xx_HAL_Driver/Src/stm32l4xx_hal_uart.o
                0x00000000080046a4                UART_AdvFeatureConfig
 .text.UART_CheckIdleState
                0x00000000080047e8       0x92 Drivers/STM32L4xx_HAL_Driver/Src/stm32l4xx_hal_uart.o
                0x00000000080047e8                UART_CheckIdleState
 .text.UART_WaitOnFlagUntilTimeout
                0x000000000800487a       0xf8 Drivers/STM32L4xx_HAL_Driver/Src/stm32l4xx_hal_uart.o
                0x000000000800487a                UART_WaitOnFlagUntilTimeout
 *fill*         0x0000000008004972        0x2 
 .text.__libc_init_array
                0x0000000008004974       0x48 c:/users/simple energy/stm32cubeide_1.6.0/stm32cubeide/plugins/com.st.stm32cube.ide.mcu.externaltools.gnu-tools-for-stm32.9-2020-q2-update.win32_1.5.0.202011040924/tools/bin/../lib/gcc/arm-none-eabi/9.3.1/../../../../arm-none-eabi/lib/thumb/v7e-m+fp/hard\libc_nano.a(lib_a-init.o)
                0x0000000008004974                __libc_init_array
 .text.memset   0x00000000080049bc       0x10 c:/users/simple energy/stm32cubeide_1.6.0/stm32cubeide/plugins/com.st.stm32cube.ide.mcu.externaltools.gnu-tools-for-stm32.9-2020-q2-update.win32_1.5.0.202011040924/tools/bin/../lib/gcc/arm-none-eabi/9.3.1/../../../../arm-none-eabi/lib/thumb/v7e-m+fp/hard\libc_nano.a(lib_a-memset.o)
                0x00000000080049bc                memset
 *(.glue_7)
 .glue_7        0x00000000080049cc        0x0 linker stubs
 *(.glue_7t)
 .glue_7t       0x00000000080049cc        0x0 linker stubs
 *(.eh_frame)
 .eh_frame      0x00000000080049cc        0x0 c:/users/simple energy/stm32cubeide_1.6.0/stm32cubeide/plugins/com.st.stm32cube.ide.mcu.externaltools.gnu-tools-for-stm32.9-2020-q2-update.win32_1.5.0.202011040924/tools/bin/../lib/gcc/arm-none-eabi/9.3.1/thumb/v7e-m+fp/hard/crtbegin.o
 *(.init)
 .init          0x00000000080049cc        0x4 c:/users/simple energy/stm32cubeide_1.6.0/stm32cubeide/plugins/com.st.stm32cube.ide.mcu.externaltools.gnu-tools-for-stm32.9-2020-q2-update.win32_1.5.0.202011040924/tools/bin/../lib/gcc/arm-none-eabi/9.3.1/thumb/v7e-m+fp/hard/crti.o
                0x00000000080049cc                _init
 .init          0x00000000080049d0        0x8 c:/users/simple energy/stm32cubeide_1.6.0/stm32cubeide/plugins/com.st.stm32cube.ide.mcu.externaltools.gnu-tools-for-stm32.9-2020-q2-update.win32_1.5.0.202011040924/tools/bin/../lib/gcc/arm-none-eabi/9.3.1/thumb/v7e-m+fp/hard/crtn.o
 *(.fini)
 .fini          0x00000000080049d8        0x4 c:/users/simple energy/stm32cubeide_1.6.0/stm32cubeide/plugins/com.st.stm32cube.ide.mcu.externaltools.gnu-tools-for-stm32.9-2020-q2-update.win32_1.5.0.202011040924/tools/bin/../lib/gcc/arm-none-eabi/9.3.1/thumb/v7e-m+fp/hard/crti.o
                0x00000000080049d8                _fini
 .fini          0x00000000080049dc        0x8 c:/users/simple energy/stm32cubeide_1.6.0/stm32cubeide/plugins/com.st.stm32cube.ide.mcu.externaltools.gnu-tools-for-stm32.9-2020-q2-update.win32_1.5.0.202011040924/tools/bin/../lib/gcc/arm-none-eabi/9.3.1/thumb/v7e-m+fp/hard/crtn.o
                0x00000000080049e4                . = ALIGN (0x4)
                0x00000000080049e4                _etext = .

.vfp11_veneer   0x00000000080049e4        0x0
 .vfp11_veneer  0x00000000080049e4        0x0 linker stubs

.v4_bx          0x00000000080049e4        0x0
 .v4_bx         0x00000000080049e4        0x0 linker stubs

.iplt           0x00000000080049e4        0x0
 .iplt          0x00000000080049e4        0x0 c:/users/simple energy/stm32cubeide_1.6.0/stm32cubeide/plugins/com.st.stm32cube.ide.mcu.externaltools.gnu-tools-for-stm32.9-2020-q2-update.win32_1.5.0.202011040924/tools/bin/../lib/gcc/arm-none-eabi/9.3.1/thumb/v7e-m+fp/hard/crtbegin.o

.rodata         0x00000000080049e4       0x48
                0x00000000080049e4                . = ALIGN (0x4)
 *(.rodata)
 *(.rodata*)
 .rodata.AHBPrescTable
                0x00000000080049e4       0x10 Core/Src/system_stm32l4xx.o
                0x00000000080049e4                AHBPrescTable
 .rodata.APBPrescTable
                0x00000000080049f4        0x8 Core/Src/system_stm32l4xx.o
                0x00000000080049f4                APBPrescTable
 .rodata.MSIRangeTable
                0x00000000080049fc       0x30 Core/Src/system_stm32l4xx.o
                0x00000000080049fc                MSIRangeTable
                0x0000000008004a2c                . = ALIGN (0x4)

.ARM.extab      0x0000000008004a2c        0x0
                0x0000000008004a2c                . = ALIGN (0x4)
 *(.ARM.extab* .gnu.linkonce.armextab.*)
                0x0000000008004a2c                . = ALIGN (0x4)

.ARM            0x0000000008004a2c        0x8
                0x0000000008004a2c                . = ALIGN (0x4)
                0x0000000008004a2c                __exidx_start = .
 *(.ARM.exidx*)
 .ARM.exidx     0x0000000008004a2c        0x8 c:/users/simple energy/stm32cubeide_1.6.0/stm32cubeide/plugins/com.st.stm32cube.ide.mcu.externaltools.gnu-tools-for-stm32.9-2020-q2-update.win32_1.5.0.202011040924/tools/bin/../lib/gcc/arm-none-eabi/9.3.1/thumb/v7e-m+fp/hard\libgcc.a(_udivmoddi4.o)
                0x0000000008004a34                __exidx_end = .
                0x0000000008004a34                . = ALIGN (0x4)

.rel.dyn        0x0000000008004a34        0x0
 .rel.iplt      0x0000000008004a34        0x0 c:/users/simple energy/stm32cubeide_1.6.0/stm32cubeide/plugins/com.st.stm32cube.ide.mcu.externaltools.gnu-tools-for-stm32.9-2020-q2-update.win32_1.5.0.202011040924/tools/bin/../lib/gcc/arm-none-eabi/9.3.1/thumb/v7e-m+fp/hard/crtbegin.o

.preinit_array  0x0000000008004a34        0x0
                0x0000000008004a34                . = ALIGN (0x4)
                0x0000000008004a34                PROVIDE (__preinit_array_start = .)
 *(.preinit_array*)
                0x0000000008004a34                PROVIDE (__preinit_array_end = .)
                0x0000000008004a34                . = ALIGN (0x4)

.init_array     0x0000000008004a34        0x4
                0x0000000008004a34                . = ALIGN (0x4)
                0x0000000008004a34                PROVIDE (__init_array_start = .)
 *(SORT_BY_NAME(.init_array.*))
 *(.init_array*)
 .init_array    0x0000000008004a34        0x4 c:/users/simple energy/stm32cubeide_1.6.0/stm32cubeide/plugins/com.st.stm32cube.ide.mcu.externaltools.gnu-tools-for-stm32.9-2020-q2-update.win32_1.5.0.202011040924/tools/bin/../lib/gcc/arm-none-eabi/9.3.1/thumb/v7e-m+fp/hard/crtbegin.o
                0x0000000008004a38                PROVIDE (__init_array_end = .)
                0x0000000008004a38                . = ALIGN (0x4)

.fini_array     0x0000000008004a38        0x4
                0x0000000008004a38                . = ALIGN (0x4)
                [!provide]                        PROVIDE (__fini_array_start = .)
 *(SORT_BY_NAME(.fini_array.*))
 *(.fini_array*)
 .fini_array    0x0000000008004a38        0x4 c:/users/simple energy/stm32cubeide_1.6.0/stm32cubeide/plugins/com.st.stm32cube.ide.mcu.externaltools.gnu-tools-for-stm32.9-2020-q2-update.win32_1.5.0.202011040924/tools/bin/../lib/gcc/arm-none-eabi/9.3.1/thumb/v7e-m+fp/hard/crtbegin.o
                [!provide]                        PROVIDE (__fini_array_end = .)
                0x0000000008004a3c                . = ALIGN (0x4)
                0x0000000008004a3c                _sidata = LOADADDR (.data)

.data           0x0000000020000000        0xc load address 0x0000000008004a3c
                0x0000000020000000                . = ALIGN (0x4)
                0x0000000020000000                _sdata = .
 *(.data)
 *(.data*)
 .data.SystemCoreClock
                0x0000000020000000        0x4 Core/Src/system_stm32l4xx.o
                0x0000000020000000                SystemCoreClock
 .data.uwTickPrio
                0x0000000020000004        0x4 Drivers/STM32L4xx_HAL_Driver/Src/stm32l4xx_hal.o
                0x0000000020000004                uwTickPrio
 .data.uwTickFreq
                0x0000000020000008        0x1 Drivers/STM32L4xx_HAL_Driver/Src/stm32l4xx_hal.o
                0x0000000020000008                uwTickFreq
 *(.RamFunc)
 *(.RamFunc*)
                0x000000002000000c                . = ALIGN (0x4)
 *fill*         0x0000000020000009        0x3 
                0x000000002000000c                _edata = .

.igot.plt       0x000000002000000c        0x0 load address 0x0000000008004a48
 .igot.plt      0x000000002000000c        0x0 c:/users/simple energy/stm32cubeide_1.6.0/stm32cubeide/plugins/com.st.stm32cube.ide.mcu.externaltools.gnu-tools-for-stm32.9-2020-q2-update.win32_1.5.0.202011040924/tools/bin/../lib/gcc/arm-none-eabi/9.3.1/thumb/v7e-m+fp/hard/crtbegin.o
                0x000000002000000c                . = ALIGN (0x4)

.bss            0x0000000020000010      0x2b0 load address 0x0000000008004a48
                0x0000000020000010                _sbss = .
                0x0000000020000010                __bss_start__ = _sbss
 *(.bss)
 .bss           0x0000000020000010       0x1c c:/users/simple energy/stm32cubeide_1.6.0/stm32cubeide/plugins/com.st.stm32cube.ide.mcu.externaltools.gnu-tools-for-stm32.9-2020-q2-update.win32_1.5.0.202011040924/tools/bin/../lib/gcc/arm-none-eabi/9.3.1/thumb/v7e-m+fp/hard/crtbegin.o
 *(.bss*)
 *(COMMON)
 *fill*         0x000000002000002c        0x4 
 COMMON         0x0000000020000030      0x1f4 Core/Src/J1939_Config.o
                0x0000000020000030                str7
                0x0000000020000034                arr
                0x000000002000003c                fp
                0x000000002000004c                value6
                0x0000000020000050                data1
                0x0000000020000054                data2
                0x0000000020000058                str4
                0x000000002000005c                huart3
                0x00000000200000e0                data4
                0x00000000200000e4                rxhead
                0x0000000020000100                data8
                0x0000000020000104                val8
                0x0000000020000108                val4
                0x000000002000010c                str3
                0x0000000020000110                value8
                0x0000000020000114                val5
                0x0000000020000118                str8
                0x000000002000011c                value3
                0x0000000020000120                value5
                0x0000000020000124                str5
                0x0000000020000128                val2
                0x000000002000012c                val7
                0x0000000020000130                val3
                0x0000000020000134                str1
                0x0000000020000138                choice
                0x0000000020000140                data
                0x0000000020000148                value2
                0x000000002000014c                str6
                0x0000000020000150                result
                0x0000000020000154                data3
                0x0000000020000158                floval
                0x000000002000015c                value4
                0x0000000020000160                data7
                0x0000000020000164                hcan1
                0x00000000200001c8                val1
                0x00000000200001cc                data5
                0x00000000200001d0                str2
                0x00000000200001d4                fil
                0x00000000200001fc                value7
                0x0000000020000200                txhead
                0x0000000020000218                data6
                0x000000002000021c                value1
                0x0000000020000220                val6
 COMMON         0x0000000020000224       0x98 Core/Src/main.o
                0x0000000020000224                htim3
                0x0000000020000270                htim2
 COMMON         0x00000000200002bc        0x4 Drivers/STM32L4xx_HAL_Driver/Src/stm32l4xx_hal.o
                0x00000000200002bc                uwTick
                0x00000000200002c0                . = ALIGN (0x4)
                0x00000000200002c0                _ebss = .
                0x00000000200002c0                __bss_end__ = _ebss

._user_heap_stack
                0x00000000200002c0      0x600 load address 0x0000000008004a48
                0x00000000200002c0                . = ALIGN (0x8)
                [!provide]                        PROVIDE (end = .)
                0x00000000200002c0                PROVIDE (_end = .)
                0x00000000200004c0                . = (. + _Min_Heap_Size)
 *fill*         0x00000000200002c0      0x200 
                0x00000000200008c0                . = (. + _Min_Stack_Size)
 *fill*         0x00000000200004c0      0x400 
                0x00000000200008c0                . = ALIGN (0x8)

/DISCARD/
 libc.a(*)
 libm.a(*)
 libgcc.a(*)

.ARM.attributes
                0x0000000000000000       0x30
 *(.ARM.attributes)
 .ARM.attributes
                0x0000000000000000       0x1e c:/users/simple energy/stm32cubeide_1.6.0/stm32cubeide/plugins/com.st.stm32cube.ide.mcu.externaltools.gnu-tools-for-stm32.9-2020-q2-update.win32_1.5.0.202011040924/tools/bin/../lib/gcc/arm-none-eabi/9.3.1/thumb/v7e-m+fp/hard/crti.o
 .ARM.attributes
                0x000000000000001e       0x34 c:/users/simple energy/stm32cubeide_1.6.0/stm32cubeide/plugins/com.st.stm32cube.ide.mcu.externaltools.gnu-tools-for-stm32.9-2020-q2-update.win32_1.5.0.202011040924/tools/bin/../lib/gcc/arm-none-eabi/9.3.1/thumb/v7e-m+fp/hard/crtbegin.o
 .ARM.attributes
                0x0000000000000052       0x34 Core/Src/J1939_Config.o
 .ARM.attributes
                0x0000000000000086       0x34 Core/Src/main.o
 .ARM.attributes
                0x00000000000000ba       0x34 Core/Src/stm32l4xx_hal_msp.o
 .ARM.attributes
                0x00000000000000ee       0x34 Core/Src/stm32l4xx_it.o
 .ARM.attributes
                0x0000000000000122       0x34 Core/Src/system_stm32l4xx.o
 .ARM.attributes
                0x0000000000000156       0x21 Core/Startup/startup_stm32l452retx.o
 .ARM.attributes
                0x0000000000000177       0x34 Drivers/STM32L4xx_HAL_Driver/Src/stm32l4xx_hal.o
 .ARM.attributes
                0x00000000000001ab       0x34 Drivers/STM32L4xx_HAL_Driver/Src/stm32l4xx_hal_can.o
 .ARM.attributes
                0x00000000000001df       0x34 Drivers/STM32L4xx_HAL_Driver/Src/stm32l4xx_hal_cortex.o
 .ARM.attributes
                0x0000000000000213       0x34 Drivers/STM32L4xx_HAL_Driver/Src/stm32l4xx_hal_gpio.o
 .ARM.attributes
                0x0000000000000247       0x34 Drivers/STM32L4xx_HAL_Driver/Src/stm32l4xx_hal_pwr_ex.o
 .ARM.attributes
                0x000000000000027b       0x34 Drivers/STM32L4xx_HAL_Driver/Src/stm32l4xx_hal_rcc.o
 .ARM.attributes
                0x00000000000002af       0x34 Drivers/STM32L4xx_HAL_Driver/Src/stm32l4xx_hal_rcc_ex.o
 .ARM.attributes
                0x00000000000002e3       0x34 Drivers/STM32L4xx_HAL_Driver/Src/stm32l4xx_hal_tim.o
 .ARM.attributes
                0x0000000000000317       0x34 Drivers/STM32L4xx_HAL_Driver/Src/stm32l4xx_hal_tim_ex.o
 .ARM.attributes
                0x000000000000034b       0x34 Drivers/STM32L4xx_HAL_Driver/Src/stm32l4xx_hal_uart.o
 .ARM.attributes
                0x000000000000037f       0x34 c:/users/simple energy/stm32cubeide_1.6.0/stm32cubeide/plugins/com.st.stm32cube.ide.mcu.externaltools.gnu-tools-for-stm32.9-2020-q2-update.win32_1.5.0.202011040924/tools/bin/../lib/gcc/arm-none-eabi/9.3.1/../../../../arm-none-eabi/lib/thumb/v7e-m+fp/hard\libc_nano.a(lib_a-init.o)
 .ARM.attributes
                0x00000000000003b3       0x34 c:/users/simple energy/stm32cubeide_1.6.0/stm32cubeide/plugins/com.st.stm32cube.ide.mcu.externaltools.gnu-tools-for-stm32.9-2020-q2-update.win32_1.5.0.202011040924/tools/bin/../lib/gcc/arm-none-eabi/9.3.1/../../../../arm-none-eabi/lib/thumb/v7e-m+fp/hard\libc_nano.a(lib_a-memset.o)
 .ARM.attributes
                0x00000000000003e7       0x1e c:/users/simple energy/stm32cubeide_1.6.0/stm32cubeide/plugins/com.st.stm32cube.ide.mcu.externaltools.gnu-tools-for-stm32.9-2020-q2-update.win32_1.5.0.202011040924/tools/bin/../lib/gcc/arm-none-eabi/9.3.1/thumb/v7e-m+fp/hard\libgcc.a(_aeabi_uldivmod.o)
 .ARM.attributes
                0x0000000000000405       0x34 c:/users/simple energy/stm32cubeide_1.6.0/stm32cubeide/plugins/com.st.stm32cube.ide.mcu.externaltools.gnu-tools-for-stm32.9-2020-q2-update.win32_1.5.0.202011040924/tools/bin/../lib/gcc/arm-none-eabi/9.3.1/thumb/v7e-m+fp/hard\libgcc.a(_udivmoddi4.o)
 .ARM.attributes
                0x0000000000000439       0x1e c:/users/simple energy/stm32cubeide_1.6.0/stm32cubeide/plugins/com.st.stm32cube.ide.mcu.externaltools.gnu-tools-for-stm32.9-2020-q2-update.win32_1.5.0.202011040924/tools/bin/../lib/gcc/arm-none-eabi/9.3.1/thumb/v7e-m+fp/hard\libgcc.a(_dvmd_tls.o)
 .ARM.attributes
                0x0000000000000457       0x1e c:/users/simple energy/stm32cubeide_1.6.0/stm32cubeide/plugins/com.st.stm32cube.ide.mcu.externaltools.gnu-tools-for-stm32.9-2020-q2-update.win32_1.5.0.202011040924/tools/bin/../lib/gcc/arm-none-eabi/9.3.1/thumb/v7e-m+fp/hard/crtn.o
OUTPUT(BCU_INPUTS.elf elf32-littlearm)
LOAD linker stubs
LOAD c:/users/simple energy/stm32cubeide_1.6.0/stm32cubeide/plugins/com.st.stm32cube.ide.mcu.externaltools.gnu-tools-for-stm32.9-2020-q2-update.win32_1.5.0.202011040924/tools/bin/../lib/gcc/arm-none-eabi/9.3.1/../../../../arm-none-eabi/lib/thumb/v7e-m+fp/hard\libc.a
LOAD c:/users/simple energy/stm32cubeide_1.6.0/stm32cubeide/plugins/com.st.stm32cube.ide.mcu.externaltools.gnu-tools-for-stm32.9-2020-q2-update.win32_1.5.0.202011040924/tools/bin/../lib/gcc/arm-none-eabi/9.3.1/../../../../arm-none-eabi/lib/thumb/v7e-m+fp/hard\libm.a
LOAD c:/users/simple energy/stm32cubeide_1.6.0/stm32cubeide/plugins/com.st.stm32cube.ide.mcu.externaltools.gnu-tools-for-stm32.9-2020-q2-update.win32_1.5.0.202011040924/tools/bin/../lib/gcc/arm-none-eabi/9.3.1/thumb/v7e-m+fp/hard\libgcc.a

.debug_info     0x0000000000000000    0x12b80
 .debug_info    0x0000000000000000     0x1d3c Core/Src/J1939_Config.o
 .debug_info    0x0000000000001d3c     0x1a86 Core/Src/main.o
 .debug_info    0x00000000000037c2     0x1857 Core/Src/stm32l4xx_hal_msp.o
 .debug_info    0x0000000000005019      0xe68 Core/Src/stm32l4xx_it.o
 .debug_info    0x0000000000005e81      0x795 Core/Src/system_stm32l4xx.o
 .debug_info    0x0000000000006616       0x22 Core/Startup/startup_stm32l452retx.o
 .debug_info    0x0000000000006638      0xc8d Drivers/STM32L4xx_HAL_Driver/Src/stm32l4xx_hal.o
 .debug_info    0x00000000000072c5     0x1428 Drivers/STM32L4xx_HAL_Driver/Src/stm32l4xx_hal_can.o
 .debug_info    0x00000000000086ed      0xfe6 Drivers/STM32L4xx_HAL_Driver/Src/stm32l4xx_hal_cortex.o
 .debug_info    0x00000000000096d3      0xa6d Drivers/STM32L4xx_HAL_Driver/Src/stm32l4xx_hal_gpio.o
 .debug_info    0x000000000000a140      0xb7b Drivers/STM32L4xx_HAL_Driver/Src/stm32l4xx_hal_pwr_ex.o
 .debug_info    0x000000000000acbb      0xdc3 Drivers/STM32L4xx_HAL_Driver/Src/stm32l4xx_hal_rcc.o
 .debug_info    0x000000000000ba7e     0x1157 Drivers/STM32L4xx_HAL_Driver/Src/stm32l4xx_hal_rcc_ex.o
 .debug_info    0x000000000000cbd5     0x2cb9 Drivers/STM32L4xx_HAL_Driver/Src/stm32l4xx_hal_tim.o
 .debug_info    0x000000000000f88e     0x1813 Drivers/STM32L4xx_HAL_Driver/Src/stm32l4xx_hal_tim_ex.o
 .debug_info    0x00000000000110a1     0x1adf Drivers/STM32L4xx_HAL_Driver/Src/stm32l4xx_hal_uart.o

.debug_abbrev   0x0000000000000000     0x22cf
 .debug_abbrev  0x0000000000000000      0x30c Core/Src/J1939_Config.o
 .debug_abbrev  0x000000000000030c      0x2a7 Core/Src/main.o
 .debug_abbrev  0x00000000000005b3      0x237 Core/Src/stm32l4xx_hal_msp.o
 .debug_abbrev  0x00000000000007ea      0x1d2 Core/Src/stm32l4xx_it.o
 .debug_abbrev  0x00000000000009bc      0x165 Core/Src/system_stm32l4xx.o
 .debug_abbrev  0x0000000000000b21       0x12 Core/Startup/startup_stm32l452retx.o
 .debug_abbrev  0x0000000000000b33      0x227 Drivers/STM32L4xx_HAL_Driver/Src/stm32l4xx_hal.o
 .debug_abbrev  0x0000000000000d5a      0x27e Drivers/STM32L4xx_HAL_Driver/Src/stm32l4xx_hal_can.o
 .debug_abbrev  0x0000000000000fd8      0x33c Drivers/STM32L4xx_HAL_Driver/Src/stm32l4xx_hal_cortex.o
 .debug_abbrev  0x0000000000001314      0x1e8 Drivers/STM32L4xx_HAL_Driver/Src/stm32l4xx_hal_gpio.o
 .debug_abbrev  0x00000000000014fc      0x1f3 Drivers/STM32L4xx_HAL_Driver/Src/stm32l4xx_hal_pwr_ex.o
 .debug_abbrev  0x00000000000016ef      0x275 Drivers/STM32L4xx_HAL_Driver/Src/stm32l4xx_hal_rcc.o
 .debug_abbrev  0x0000000000001964      0x268 Drivers/STM32L4xx_HAL_Driver/Src/stm32l4xx_hal_rcc_ex.o
 .debug_abbrev  0x0000000000001bcc      0x25e Drivers/STM32L4xx_HAL_Driver/Src/stm32l4xx_hal_tim.o
 .debug_abbrev  0x0000000000001e2a      0x266 Drivers/STM32L4xx_HAL_Driver/Src/stm32l4xx_hal_tim_ex.o
 .debug_abbrev  0x0000000000002090      0x23f Drivers/STM32L4xx_HAL_Driver/Src/stm32l4xx_hal_uart.o

.debug_aranges  0x0000000000000000      0xfc8
 .debug_aranges
                0x0000000000000000       0x30 Core/Src/J1939_Config.o
 .debug_aranges
                0x0000000000000030       0x58 Core/Src/main.o
 .debug_aranges
                0x0000000000000088       0x58 Core/Src/stm32l4xx_hal_msp.o
 .debug_aranges
                0x00000000000000e0       0x88 Core/Src/stm32l4xx_it.o
 .debug_aranges
                0x0000000000000168       0x28 Core/Src/system_stm32l4xx.o
 .debug_aranges
                0x0000000000000190       0x28 Core/Startup/startup_stm32l452retx.o
 .debug_aranges
                0x00000000000001b8      0x130 Drivers/STM32L4xx_HAL_Driver/Src/stm32l4xx_hal.o
 .debug_aranges
                0x00000000000002e8      0x148 Drivers/STM32L4xx_HAL_Driver/Src/stm32l4xx_hal_can.o
 .debug_aranges
                0x0000000000000430      0x118 Drivers/STM32L4xx_HAL_Driver/Src/stm32l4xx_hal_cortex.o
 .debug_aranges
                0x0000000000000548       0x58 Drivers/STM32L4xx_HAL_Driver/Src/stm32l4xx_hal_gpio.o
 .debug_aranges
                0x00000000000005a0      0x128 Drivers/STM32L4xx_HAL_Driver/Src/stm32l4xx_hal_pwr_ex.o
 .debug_aranges
                0x00000000000006c8       0x88 Drivers/STM32L4xx_HAL_Driver/Src/stm32l4xx_hal_rcc.o
 .debug_aranges
                0x0000000000000750       0xf0 Drivers/STM32L4xx_HAL_Driver/Src/stm32l4xx_hal_rcc_ex.o
 .debug_aranges
                0x0000000000000840      0x3e0 Drivers/STM32L4xx_HAL_Driver/Src/stm32l4xx_hal_tim.o
 .debug_aranges
                0x0000000000000c20      0x180 Drivers/STM32L4xx_HAL_Driver/Src/stm32l4xx_hal_tim_ex.o
 .debug_aranges
                0x0000000000000da0      0x228 Drivers/STM32L4xx_HAL_Driver/Src/stm32l4xx_hal_uart.o

.debug_ranges   0x0000000000000000      0xf00
 .debug_ranges  0x0000000000000000       0x20 Core/Src/J1939_Config.o
 .debug_ranges  0x0000000000000020       0x48 Core/Src/main.o
 .debug_ranges  0x0000000000000068       0x48 Core/Src/stm32l4xx_hal_msp.o
 .debug_ranges  0x00000000000000b0       0x78 Core/Src/stm32l4xx_it.o
 .debug_ranges  0x0000000000000128       0x18 Core/Src/system_stm32l4xx.o
 .debug_ranges  0x0000000000000140       0x20 Core/Startup/startup_stm32l452retx.o
 .debug_ranges  0x0000000000000160      0x120 Drivers/STM32L4xx_HAL_Driver/Src/stm32l4xx_hal.o
 .debug_ranges  0x0000000000000280      0x138 Drivers/STM32L4xx_HAL_Driver/Src/stm32l4xx_hal_can.o
 .debug_ranges  0x00000000000003b8      0x108 Drivers/STM32L4xx_HAL_Driver/Src/stm32l4xx_hal_cortex.o
 .debug_ranges  0x00000000000004c0       0x48 Drivers/STM32L4xx_HAL_Driver/Src/stm32l4xx_hal_gpio.o
 .debug_ranges  0x0000000000000508      0x118 Drivers/STM32L4xx_HAL_Driver/Src/stm32l4xx_hal_pwr_ex.o
 .debug_ranges  0x0000000000000620       0x78 Drivers/STM32L4xx_HAL_Driver/Src/stm32l4xx_hal_rcc.o
 .debug_ranges  0x0000000000000698       0xe0 Drivers/STM32L4xx_HAL_Driver/Src/stm32l4xx_hal_rcc_ex.o
 .debug_ranges  0x0000000000000778      0x3d0 Drivers/STM32L4xx_HAL_Driver/Src/stm32l4xx_hal_tim.o
 .debug_ranges  0x0000000000000b48      0x170 Drivers/STM32L4xx_HAL_Driver/Src/stm32l4xx_hal_tim_ex.o
 .debug_ranges  0x0000000000000cb8      0x248 Drivers/STM32L4xx_HAL_Driver/Src/stm32l4xx_hal_uart.o

.debug_macro    0x0000000000000000    0x22878
 .debug_macro   0x0000000000000000      0x3f5 Core/Src/J1939_Config.o
 .debug_macro   0x00000000000003f5       0x40 Core/Src/J1939_Config.o
 .debug_macro   0x0000000000000435      0x1b3 Core/Src/J1939_Config.o
 .debug_macro   0x00000000000005e8       0x2e Core/Src/J1939_Config.o
 .debug_macro   0x0000000000000616       0x28 Core/Src/J1939_Config.o
 .debug_macro   0x000000000000063e       0x1c Core/Src/J1939_Config.o
 .debug_macro   0x000000000000065a       0x22 Core/Src/J1939_Config.o
 .debug_macro   0x000000000000067c      0x101 Core/Src/J1939_Config.o
 .debug_macro   0x000000000000077d     0x1011 Core/Src/J1939_Config.o
 .debug_macro   0x000000000000178e      0x11f Core/Src/J1939_Config.o
 .debug_macro   0x00000000000018ad    0x1632f Core/Src/J1939_Config.o
 .debug_macro   0x0000000000017bdc       0x43 Core/Src/J1939_Config.o
 .debug_macro   0x0000000000017c1f     0x3897 Core/Src/J1939_Config.o
 .debug_macro   0x000000000001b4b6      0x174 Core/Src/J1939_Config.o
 .debug_macro   0x000000000001b62a       0x5c Core/Src/J1939_Config.o
 .debug_macro   0x000000000001b686     0x13bb Core/Src/J1939_Config.o
 .debug_macro   0x000000000001ca41      0x63f Core/Src/J1939_Config.o
 .debug_macro   0x000000000001d080      0x13d Core/Src/J1939_Config.o
 .debug_macro   0x000000000001d1bd      0x168 Core/Src/J1939_Config.o
 .debug_macro   0x000000000001d325      0x26b Core/Src/J1939_Config.o
 .debug_macro   0x000000000001d590      0x23d Core/Src/J1939_Config.o
 .debug_macro   0x000000000001d7cd      0x40f Core/Src/J1939_Config.o
 .debug_macro   0x000000000001dbdc      0x241 Core/Src/J1939_Config.o
 .debug_macro   0x000000000001de1d      0x375 Core/Src/J1939_Config.o
 .debug_macro   0x000000000001e192       0xd6 Core/Src/J1939_Config.o
 .debug_macro   0x000000000001e268      0x22c Core/Src/J1939_Config.o
 .debug_macro   0x000000000001e494       0x61 Core/Src/J1939_Config.o
 .debug_macro   0x000000000001e4f5       0xa5 Core/Src/J1939_Config.o
 .debug_macro   0x000000000001e59a      0x122 Core/Src/J1939_Config.o
 .debug_macro   0x000000000001e6bc      0x365 Core/Src/J1939_Config.o
 .debug_macro   0x000000000001ea21      0xa75 Core/Src/J1939_Config.o
 .debug_macro   0x000000000001f496      0x151 Core/Src/J1939_Config.o
 .debug_macro   0x000000000001f5e7      0x5ba Core/Src/J1939_Config.o
 .debug_macro   0x000000000001fba1       0x44 Core/Src/J1939_Config.o
 .debug_macro   0x000000000001fbe5      0x2ec Core/Src/J1939_Config.o
 .debug_macro   0x000000000001fed1       0xe8 Core/Src/J1939_Config.o
 .debug_macro   0x000000000001ffb9       0x52 Core/Src/J1939_Config.o
 .debug_macro   0x000000000002000b       0x18 Core/Src/J1939_Config.o
 .debug_macro   0x0000000000020023       0x3c Core/Src/J1939_Config.o
 .debug_macro   0x000000000002005f       0x34 Core/Src/J1939_Config.o
 .debug_macro   0x0000000000020093       0x16 Core/Src/J1939_Config.o
 .debug_macro   0x00000000000200a9       0x35 Core/Src/J1939_Config.o
 .debug_macro   0x00000000000200de      0x333 Core/Src/J1939_Config.o
 .debug_macro   0x0000000000020411       0x10 Core/Src/J1939_Config.o
 .debug_macro   0x0000000000020421       0x16 Core/Src/J1939_Config.o
 .debug_macro   0x0000000000020437       0x43 Core/Src/J1939_Config.o
 .debug_macro   0x000000000002047a       0x34 Core/Src/J1939_Config.o
 .debug_macro   0x00000000000204ae       0x10 Core/Src/J1939_Config.o
 .debug_macro   0x00000000000204be       0x58 Core/Src/J1939_Config.o
 .debug_macro   0x0000000000020516       0x71 Core/Src/J1939_Config.o
 .debug_macro   0x0000000000020587       0x1c Core/Src/J1939_Config.o
 .debug_macro   0x00000000000205a3      0x12a Core/Src/J1939_Config.o
 .debug_macro   0x00000000000206cd       0x10 Core/Src/J1939_Config.o
 .debug_macro   0x00000000000206dd       0x1c Core/Src/J1939_Config.o
 .debug_macro   0x00000000000206f9       0x52 Core/Src/J1939_Config.o
 .debug_macro   0x000000000002074b       0x22 Core/Src/J1939_Config.o
 .debug_macro   0x000000000002076d       0x10 Core/Src/J1939_Config.o
 .debug_macro   0x000000000002077d       0x40 Core/Src/J1939_Config.o
 .debug_macro   0x00000000000207bd       0xd5 Core/Src/J1939_Config.o
 .debug_macro   0x0000000000020892       0x1c Core/Src/J1939_Config.o
 .debug_macro   0x00000000000208ae       0x3d Core/Src/J1939_Config.o
 .debug_macro   0x00000000000208eb       0x16 Core/Src/J1939_Config.o
 .debug_macro   0x0000000000020901      0x145 Core/Src/J1939_Config.o
 .debug_macro   0x0000000000020a46       0x16 Core/Src/J1939_Config.o
 .debug_macro   0x0000000000020a5c       0x20 Core/Src/J1939_Config.o
 .debug_macro   0x0000000000020a7c       0x16 Core/Src/J1939_Config.o
 .debug_macro   0x0000000000020a92       0x16 Core/Src/J1939_Config.o
 .debug_macro   0x0000000000020aa8       0x29 Core/Src/J1939_Config.o
 .debug_macro   0x0000000000020ad1      0x1a9 Core/Src/J1939_Config.o
 .debug_macro   0x0000000000020c7a      0x1f2 Core/Src/main.o
 .debug_macro   0x0000000000020e6c      0x1f2 Core/Src/stm32l4xx_hal_msp.o
 .debug_macro   0x000000000002105e      0x1fc Core/Src/stm32l4xx_it.o
 .debug_macro   0x000000000002125a      0x1e3 Core/Src/system_stm32l4xx.o
 .debug_macro   0x000000000002143d      0x231 Drivers/STM32L4xx_HAL_Driver/Src/stm32l4xx_hal.o
 .debug_macro   0x000000000002166e      0x1eb Drivers/STM32L4xx_HAL_Driver/Src/stm32l4xx_hal_can.o
 .debug_macro   0x0000000000021859      0x1e3 Drivers/STM32L4xx_HAL_Driver/Src/stm32l4xx_hal_cortex.o
 .debug_macro   0x0000000000021a3c      0x222 Drivers/STM32L4xx_HAL_Driver/Src/stm32l4xx_hal_gpio.o
 .debug_macro   0x0000000000021c5e      0x207 Drivers/STM32L4xx_HAL_Driver/Src/stm32l4xx_hal_pwr_ex.o
 .debug_macro   0x0000000000021e65      0x225 Drivers/STM32L4xx_HAL_Driver/Src/stm32l4xx_hal_rcc.o
 .debug_macro   0x000000000002208a      0x219 Drivers/STM32L4xx_HAL_Driver/Src/stm32l4xx_hal_rcc_ex.o
 .debug_macro   0x00000000000222a3      0x1e4 Drivers/STM32L4xx_HAL_Driver/Src/stm32l4xx_hal_tim.o
 .debug_macro   0x0000000000022487      0x1e3 Drivers/STM32L4xx_HAL_Driver/Src/stm32l4xx_hal_tim_ex.o
 .debug_macro   0x000000000002266a      0x20e Drivers/STM32L4xx_HAL_Driver/Src/stm32l4xx_hal_uart.o

.debug_line     0x0000000000000000    0x10d1d
 .debug_line    0x0000000000000000      0xbb6 Core/Src/J1939_Config.o
 .debug_line    0x0000000000000bb6      0xa1a Core/Src/main.o
 .debug_line    0x00000000000015d0      0x8b3 Core/Src/stm32l4xx_hal_msp.o
 .debug_line    0x0000000000001e83      0x8bd Core/Src/stm32l4xx_it.o
 .debug_line    0x0000000000002740      0x833 Core/Src/system_stm32l4xx.o
 .debug_line    0x0000000000002f73       0x87 Core/Startup/startup_stm32l452retx.o
 .debug_line    0x0000000000002ffa      0xb72 Drivers/STM32L4xx_HAL_Driver/Src/stm32l4xx_hal.o
 .debug_line    0x0000000000003b6c     0x139c Drivers/STM32L4xx_HAL_Driver/Src/stm32l4xx_hal_can.o
 .debug_line    0x0000000000004f08      0xd19 Drivers/STM32L4xx_HAL_Driver/Src/stm32l4xx_hal_cortex.o
 .debug_line    0x0000000000005c21      0xb96 Drivers/STM32L4xx_HAL_Driver/Src/stm32l4xx_hal_gpio.o
 .debug_line    0x00000000000067b7      0xc79 Drivers/STM32L4xx_HAL_Driver/Src/stm32l4xx_hal_pwr_ex.o
 .debug_line    0x0000000000007430      0xff8 Drivers/STM32L4xx_HAL_Driver/Src/stm32l4xx_hal_rcc.o
 .debug_line    0x0000000000008428     0x1463 Drivers/STM32L4xx_HAL_Driver/Src/stm32l4xx_hal_rcc_ex.o
 .debug_line    0x000000000000988b     0x3b1b Drivers/STM32L4xx_HAL_Driver/Src/stm32l4xx_hal_tim.o
 .debug_line    0x000000000000d3a6     0x1b98 Drivers/STM32L4xx_HAL_Driver/Src/stm32l4xx_hal_tim_ex.o
 .debug_line    0x000000000000ef3e     0x1ddf Drivers/STM32L4xx_HAL_Driver/Src/stm32l4xx_hal_uart.o

.debug_str      0x0000000000000000    0xdd639
 .debug_str     0x0000000000000000    0xd8b3e Core/Src/J1939_Config.o
                                      0xd90e9 (size before relaxing)
 .debug_str     0x00000000000d8b3e      0x8fd Core/Src/main.o
                                      0xd45a0 (size before relaxing)
 .debug_str     0x00000000000d943b      0x491 Core/Src/stm32l4xx_hal_msp.o
                                      0xd454e (size before relaxing)
 .debug_str     0x00000000000d98cc      0x11c Core/Src/stm32l4xx_it.o
                                      0xd3dcd (size before relaxing)
 .debug_str     0x00000000000d99e8       0xb8 Core/Src/system_stm32l4xx.o
                                      0xd3226 (size before relaxing)
 .debug_str     0x00000000000d9aa0       0x36 Core/Startup/startup_stm32l452retx.o
                                         0x6f (size before relaxing)
 .debug_str     0x00000000000d9ad6      0x5c0 Drivers/STM32L4xx_HAL_Driver/Src/stm32l4xx_hal.o
                                      0xd3c86 (size before relaxing)
 .debug_str     0x00000000000da096      0x695 Drivers/STM32L4xx_HAL_Driver/Src/stm32l4xx_hal_can.o
                                      0xd3c3a (size before relaxing)
 .debug_str     0x00000000000da72b      0x389 Drivers/STM32L4xx_HAL_Driver/Src/stm32l4xx_hal_cortex.o
                                      0xd39ec (size before relaxing)
 .debug_str     0x00000000000daab4      0x236 Drivers/STM32L4xx_HAL_Driver/Src/stm32l4xx_hal_gpio.o
                                      0xd34bb (size before relaxing)
 .debug_str     0x00000000000dacea      0x45a Drivers/STM32L4xx_HAL_Driver/Src/stm32l4xx_hal_pwr_ex.o
                                      0xd36dd (size before relaxing)
 .debug_str     0x00000000000db144      0x395 Drivers/STM32L4xx_HAL_Driver/Src/stm32l4xx_hal_rcc.o
                                      0xd37bd (size before relaxing)
 .debug_str     0x00000000000db4d9      0x527 Drivers/STM32L4xx_HAL_Driver/Src/stm32l4xx_hal_rcc_ex.o
                                      0xd3a99 (size before relaxing)
 .debug_str     0x00000000000dba00      0xdaa Drivers/STM32L4xx_HAL_Driver/Src/stm32l4xx_hal_tim.o
                                      0xd44b8 (size before relaxing)
 .debug_str     0x00000000000dc7aa      0x5fc Drivers/STM32L4xx_HAL_Driver/Src/stm32l4xx_hal_tim_ex.o
                                      0xd3d8a (size before relaxing)
 .debug_str     0x00000000000dcda6      0x893 Drivers/STM32L4xx_HAL_Driver/Src/stm32l4xx_hal_uart.o
                                      0xd3e85 (size before relaxing)

.comment        0x0000000000000000       0x53
 .comment       0x0000000000000000       0x53 Core/Src/J1939_Config.o
                                         0x54 (size before relaxing)
 .comment       0x0000000000000053       0x54 Core/Src/main.o
 .comment       0x0000000000000053       0x54 Core/Src/stm32l4xx_hal_msp.o
 .comment       0x0000000000000053       0x54 Core/Src/stm32l4xx_it.o
 .comment       0x0000000000000053       0x54 Core/Src/system_stm32l4xx.o
 .comment       0x0000000000000053       0x54 Drivers/STM32L4xx_HAL_Driver/Src/stm32l4xx_hal.o
 .comment       0x0000000000000053       0x54 Drivers/STM32L4xx_HAL_Driver/Src/stm32l4xx_hal_can.o
 .comment       0x0000000000000053       0x54 Drivers/STM32L4xx_HAL_Driver/Src/stm32l4xx_hal_cortex.o
 .comment       0x0000000000000053       0x54 Drivers/STM32L4xx_HAL_Driver/Src/stm32l4xx_hal_gpio.o
 .comment       0x0000000000000053       0x54 Drivers/STM32L4xx_HAL_Driver/Src/stm32l4xx_hal_pwr_ex.o
 .comment       0x0000000000000053       0x54 Drivers/STM32L4xx_HAL_Driver/Src/stm32l4xx_hal_rcc.o
 .comment       0x0000000000000053       0x54 Drivers/STM32L4xx_HAL_Driver/Src/stm32l4xx_hal_rcc_ex.o
 .comment       0x0000000000000053       0x54 Drivers/STM32L4xx_HAL_Driver/Src/stm32l4xx_hal_tim.o
 .comment       0x0000000000000053       0x54 Drivers/STM32L4xx_HAL_Driver/Src/stm32l4xx_hal_tim_ex.o
 .comment       0x0000000000000053       0x54 Drivers/STM32L4xx_HAL_Driver/Src/stm32l4xx_hal_uart.o

.debug_frame    0x0000000000000000     0x42d4
 .debug_frame   0x0000000000000000       0x74 Core/Src/J1939_Config.o
 .debug_frame   0x0000000000000074      0x110 Core/Src/main.o
 .debug_frame   0x0000000000000184      0x134 Core/Src/stm32l4xx_hal_msp.o
 .debug_frame   0x00000000000002b8      0x190 Core/Src/stm32l4xx_it.o
 .debug_frame   0x0000000000000448       0x58 Core/Src/system_stm32l4xx.o
 .debug_frame   0x00000000000004a0      0x498 Drivers/STM32L4xx_HAL_Driver/Src/stm32l4xx_hal.o
 .debug_frame   0x0000000000000938      0x5f4 Drivers/STM32L4xx_HAL_Driver/Src/stm32l4xx_hal_can.o
 .debug_frame   0x0000000000000f2c      0x498 Drivers/STM32L4xx_HAL_Driver/Src/stm32l4xx_hal_cortex.o
 .debug_frame   0x00000000000013c4      0x14c Drivers/STM32L4xx_HAL_Driver/Src/stm32l4xx_hal_gpio.o
 .debug_frame   0x0000000000001510      0x4a4 Drivers/STM32L4xx_HAL_Driver/Src/stm32l4xx_hal_pwr_ex.o
 .debug_frame   0x00000000000019b4      0x1f4 Drivers/STM32L4xx_HAL_Driver/Src/stm32l4xx_hal_rcc.o
 .debug_frame   0x0000000000001ba8      0x3d0 Drivers/STM32L4xx_HAL_Driver/Src/stm32l4xx_hal_rcc_ex.o
 .debug_frame   0x0000000000001f78     0x121c Drivers/STM32L4xx_HAL_Driver/Src/stm32l4xx_hal_tim.o
 .debug_frame   0x0000000000003194      0x6b0 Drivers/STM32L4xx_HAL_Driver/Src/stm32l4xx_hal_tim_ex.o
 .debug_frame   0x0000000000003844      0x9e4 Drivers/STM32L4xx_HAL_Driver/Src/stm32l4xx_hal_uart.o
 .debug_frame   0x0000000000004228       0x2c c:/users/simple energy/stm32cubeide_1.6.0/stm32cubeide/plugins/com.st.stm32cube.ide.mcu.externaltools.gnu-tools-for-stm32.9-2020-q2-update.win32_1.5.0.202011040924/tools/bin/../lib/gcc/arm-none-eabi/9.3.1/../../../../arm-none-eabi/lib/thumb/v7e-m+fp/hard\libc_nano.a(lib_a-init.o)
 .debug_frame   0x0000000000004254       0x20 c:/users/simple energy/stm32cubeide_1.6.0/stm32cubeide/plugins/com.st.stm32cube.ide.mcu.externaltools.gnu-tools-for-stm32.9-2020-q2-update.win32_1.5.0.202011040924/tools/bin/../lib/gcc/arm-none-eabi/9.3.1/../../../../arm-none-eabi/lib/thumb/v7e-m+fp/hard\libc_nano.a(lib_a-memset.o)
 .debug_frame   0x0000000000004274       0x2c c:/users/simple energy/stm32cubeide_1.6.0/stm32cubeide/plugins/com.st.stm32cube.ide.mcu.externaltools.gnu-tools-for-stm32.9-2020-q2-update.win32_1.5.0.202011040924/tools/bin/../lib/gcc/arm-none-eabi/9.3.1/thumb/v7e-m+fp/hard\libgcc.a(_aeabi_uldivmod.o)
 .debug_frame   0x00000000000042a0       0x34 c:/users/simple energy/stm32cubeide_1.6.0/stm32cubeide/plugins/com.st.stm32cube.ide.mcu.externaltools.gnu-tools-for-stm32.9-2020-q2-update.win32_1.5.0.202011040924/tools/bin/../lib/gcc/arm-none-eabi/9.3.1/thumb/v7e-m+fp/hard\libgcc.a(_udivmoddi4.o)
