main.c:91:6:sendMsg_KEYINFO	48	static
main.c:121:6:sendMsg_MOTORCONTROLLERCOMMANDS	48	static
main.c:154:6:sendMsg_SWITCHINFO	48	static
main.c:183:6:sendMsg_BMSSTATUS	48	static
main.c:209:6:sendMsg_MOTORCONTROLLERSTATUS	48	static
main.c:236:6:readMsg	32	static
main.c:286:5:main	8	static
main.c:363:6:SystemClock_Config	200	static
main.c:417:13:MX_CAN1_Init	8	static
main.c:454:13:MX_TIM2_Init	40	static
main.c:499:13:MX_TIM6_Init	24	static
main.c:537:13:MX_USART3_UART_Init	8	static
main.c:572:13:MX_GPIO_Init	48	static
main.c:659:7:HAL_GPIO_EXTI_Callback	24	static
main.c:782:7:HAL_TIM_PeriodElapsedCallback	16	static
main.c:812:6:Error_Handler	4	static,ignoring_inline_asm
